******************************************************************************
                  TMS470 Linker PC v4.9.5                      
******************************************************************************
>> Linked Sat Nov 19 07:36:18 2016

OUTPUT FILE NAME:   <EPS_UKL_MCV.out>
ENTRY POINT SYMBOL: "_c_int00"  address: 0009bf6c


MEMORY CONFIGURATION

         name            origin    length      used     unused   attr    fill
----------------------  --------  ---------  --------  --------  ----  --------
  ROM_BM_CRC            00003ff8   00000008  00000000  00000008  R   
  CAL2_FLASH            00008000   00007db8  00007db8  00000000  R     ffffffff
  CAL2_CRC              0000fdb8   00000008  00000008  00000000  R     ffffffff
  CAL2_CALVERNUM        0000fdc0   00000004  00000004  00000000  R     ffffffff
  ROM_SWE3DESC          0000fdc4   0000020c  0000020c  00000000  R     ffffffff
  ROM_SWE3STAT          0000ffd0   00000030  00000030  00000000  R     ffffffff
  CAL1_FLASH            00010000   0000fda8  0000fda8  00000000  R     ffffffff
  CAL1_CVNDEFTBL        0001fda8   00000010  00000010  00000000  R     ffffffff
  CAL1_CRC              0001fdb8   00000008  00000008  00000000  R     ffffffff
  CAL1_CALVERNUM        0001fdc0   00000004  00000004  00000000  R     ffffffff
  ROM_SWE2DESC          0001fdc4   0000020c  0000020c  00000000  R     ffffffff
  ROM_SWE2STAT          0001ffd0   00000030  00000030  00000000  R     ffffffff
  BOOT_CVNDEFTBL        0003f880   00000010  00000010  00000000  R   
  ROM_BL_CRC1           0003f890   00000008  00000000  00000008  R   
  ROM_BLSharedData      0003fad4   000002d0  0000011c  000001b4  R   
  ROM_CCRYPJUMPT        0003fda4   00000020  00000000  00000020  R   
  ROM_BOOTSWEDESC       0003fdc4   0000020c  0000020c  00000000  R   
  ROM_BOOTSWESTAT       0003ffd0   00000030  00000030  00000000  R   
  APP_FLASH             00040000   0007fbc8  0007fbc8  00000000  R  X  ffffffff
  APP_VECTOR            000bfbc8   00000020  00000020  00000000  R     ffffffff
  APP_PADDING1          000bfbe8   000001a8  000001a8  00000000  R     ffffffff
  APP_CVNDEFTBL         000bfd90   00000028  00000028  00000000  R     ffffffff
  APP_CRC               000bfdb8   00000008  00000008  00000000  R     ffffffff
  APP_CALVERNUM         000bfdc0   00000004  00000004  00000000  R     ffffffff
  ROM_SWE1DESC          000bfdc4   0000020c  0000020c  00000000  R     ffffffff
  ROM_SWE1STAT          000bffd0   00000030  00000030  00000000  R     ffffffff
  DUMMY_FILL            000c0000   00140000  00140000  00000000  R     ffffffff
  STACKS                08000000   00001400  00000000  00001400  RW  
  RAM_RESERVE1          08001400   00000400  00000000  00000400  RW  
  RAM_CRYPTO            08001800   00000800  00000475  0000038b  RW  
  RAM_RESERVE2          08002000   00001400  00000000  00001400  RW  
  RAM_BOOTSTATUS        08003400   00000009  00000008  00000001  RW  
  RAM_RESERVE3          08003409   00000007  00000000  00000007  RW  
  ISR_DISPATCH          08003410   00000010  00000002  0000000e  RW  
  RAM_RESERVE4          08003420   000004a4  00000000  000004a4  RW  
  RAM_RESETCAUSE        080038c4   00000004  00000004  00000000  RW  
  RAM_RESERVE5          080038c8   00000738  00000000  00000738  RW  
  RAM                   08004000   000187d4  00017423  000013b1  RW  
  CAL_RAM               0801c7d4   0000382c  0000382c  00000000  RW  
  NHET2RAM              ff440000   00000800  00000000  00000800  RW  
  NHETRAM               ff460000   00000800  00000000  00000800  RW  


SEGMENT ALLOCATION MAP

run origin  load origin   length   init length attrs members
----------  ----------- ---------- ----------- ----- -------
00008000    00008000    00018000   00018000    r--
  00008000    00008000    000012b8   000012b8    r-- .TunPer0
  000092b8    000092b8    000012b8   000012b8    r-- .TunPer1
  0000a570    0000a570    000012b8   000012b8    r-- .TunPer2
  0000b828    0000b828    000012b8   000012b8    r-- .TunPer3
  0000cae0    0000cae0    000012b8   000012b8    r-- .TunPer4
  0000dd98    0000dd98    000012b8   000012b8    r-- .TunPer5
  0000f050    0000f050    00000d68   00000d68    r-- $fill000
  0000fdb8    0000fdb8    00000008   00000008    r-- $fill001
  0000fdc0    0000fdc0    00000004   00000004    r-- .Cal2VerNum
  0000fdc4    0000fdc4    0000020c   0000020c    r-- .SWE3DESC
  0000ffd0    0000ffd0    00000030   00000030    r-- .SWE3STAT
  00010000    00010000    00001b96   00001b96    r-- .FlashCalSeg
  00011b96    00011b96    00000002   00000002    r-- $fill002
  00011b98    00011b98    00001304   00001304    r-- .TunSet0
  00012e9c    00012e9c    00001304   00001304    r-- .TunSet1
  000141a0    000141a0    00001304   00001304    r-- .TunSet2
  000154a4    000154a4    00001304   00001304    r-- .TunSet3
  000167a8    000167a8    00001304   00001304    r-- .TunSet4
  00017aac    00017aac    00001304   00001304    r-- .TunSet5
  00018db0    00018db0    00001304   00001304    r-- .TunSet6
  0001a0b4    0001a0b4    00001304   00001304    r-- .TunSet7
  0001b3b8    0001b3b8    000049f0   000049f0    r-- $fill003
  0001fda8    0001fda8    00000010   00000010    r-- .Cal1CvnDefTbl
  0001fdb8    0001fdb8    00000008   00000008    r-- $fill004
  0001fdc0    0001fdc0    00000004   00000004    r-- .Cal1VerNum
  0001fdc4    0001fdc4    0000020c   0000020c    r-- .SWE2DESC
  0001ffd0    0001ffd0    00000030   00000030    r-- .SWE2STAT
00040000    00040000    001c0000   001c0000    r-x
  00040000    00040000    00002d84   00002d84    r-- .osconfig
  00042d84    00042d84    0005f476   0005f476    r-x .text
  000a21fa    000a21fa    00000006   00000006    r-- $fill005
  000a2200    000a2200    0000a421   0000a421    r-- .const
  000ac621    000ac621    00000003   00000003    r-- $fill006
  000ac624    000ac624    00004844   00004844    r-x .oscode
  000b0e68    000b0e68    0000400a   0000400a    r-- .FlashCal2Seg
  000b4e72    000b4e72    00000002   00000002    r-- $fill007
  000b4e74    000b4e74    0000206a   0000206a    r-- .osconst
  000b6ede    000b6ede    00000002   00000002    r-- $fill008
  000b6ee0    000b6ee0    00000184   00000184    r-- .osvtable
  000b7064    000b7064    00000004   00000004    r-- $fill009
  000b7068    000b7068    0000064c   0000064c    r-- .cinit
  000b76b4    000b76b4    00008510   00008510    r-- $fill010
  000bfbc4    000bfbc4    00000004   00000004    r-x .osresetvect
  000bfbc8    000bfbc8    0000001c   0000001c    r-x .osarmvect
  000bfbe4    000bfbe4    00000004   00000004    r-x .fiqarmvect
  000bfbe8    000bfbe8    000001a8   000001a8    r-- $fill011
  000bfd90    000bfd90    00000028   00000028    r-- .AppCvnDefTbl
  000bfdb8    000bfdb8    00000008   00000008    r-- $fill012
  000bfdc0    000bfdc0    00000004   00000004    r-- .AppCalVerVal
  000bfdc4    000bfdc4    0000020c   0000020c    r-- .SWE1DESC
  000bffd0    000bffd0    00000030   00000030    r-- .SWE1STAT
  000c0000    000c0000    00140000   00140000    r-- $fill013
08001800    08001800    00000474   00000000    rw-
  08001800    08001800    00000010   00000000    rw- .CryNoInitRng
  08001810    08001810    00000464   00000000    rw- .CryNoInitAsym
08001ff0    08001ff0    00000001   00000000    rw-
  08001ff0    08001ff0    00000001   00000000    rw- .CryNoInitCanc
08003400    08003400    00000008   00000000    rw-
  08003400    08003400    00000008   00000000    rw- .BOOTSTATUS
08003410    08003410    00000002   00000000    rw-
  08003410    08003410    00000002   00000000    rw- .ISRDISPATCHFLG
080038c4    080038c4    00000004   00000000    rw-
  080038c4    080038c4    00000004   00000000    rw- .resetcause
08004000    08004000    00014025   0001401e    rw-
  08004000    08004000    0001401e   0001401e    rw- .bss
  08018020    08018020    00000005   00000000    rw- .noclear
08019000    08019000    00003400   00003400    rw-
  08019000    08019000    00003400   00003400    rw- .data
0801c7d4    0801c7d4    0000382c   00000000    rw-
  0801c7d4    0801c7d4    0000382c   00000000    rw- .TOTFCals


SECTION ALLOCATION MAP

 output                                  attributes/
section   page    origin      length       input sections
--------  ----  ----------  ----------   ----------------
.BOOTMANGRCKSUM 
*          0    00003ff8    00000000     UNINITIALIZED

.TunPer0   0    00008000    000012b8     
                  00008000    000012b8     CalConstants.obj (.TunPer0)

.TunPer1   0    000092b8    000012b8     
                  000092b8    000012b8     CalConstants0.obj (.TunPer1)

.TunPer2   0    0000a570    000012b8     
                  0000a570    000012b8     CalConstants1.obj (.TunPer2)

.TunPer3   0    0000b828    000012b8     
                  0000b828    000012b8     CalConstants2.obj (.TunPer3)

.TunPer4   0    0000cae0    000012b8     
                  0000cae0    000012b8     CalConstants3.obj (.TunPer4)

.TunPer5   0    0000dd98    000012b8     
                  0000dd98    000012b8     CalConstants4.obj (.TunPer5)

$fill000   0    0000f050    00000d68     
                  0000f050    00000d68     --HOLE-- [fill = ffffffff]

.CAL2CHECKSUM 
*          0    0000fdb8    00000000     UNINITIALIZED

$fill001   0    0000fdb8    00000008     
                  0000fdb8    00000008     --HOLE-- [fill = ffffffff]

.Cal2VerNum 
*          0    0000fdc0    00000004     
                  0000fdc0    00000004     Ap_DfltConfigData.obj (.Cal2VerNum)

.SWE3DESC 
*          0    0000fdc4    0000020c     
                  0000fdc4    0000020c     DataLogistic.obj (.SWE3DESC)

.SWE3STAT 
*          0    0000ffd0    00000030     
                  0000ffd0    00000030     DataLogistic.obj (.SWE3STAT)

.FlashCalSeg 
*          0    00010000    00001b96     
                  00010000    00001b64     CalConstants.obj (.FlashCalSeg)
                  00011b64    00000032     Ap_DfltConfigData.obj (.FlashCalSeg)

$fill002   0    00011b96    00000002     
                  00011b96    00000002     --HOLE-- [fill = ffffffff]

.TunSet0   0    00011b98    00001304     
                  00011b98    00001304     CalConstants.obj (.TunSet0)

.TunSet1   0    00012e9c    00001304     
                  00012e9c    00001304     CalConstants0.obj (.TunSet1)

.TunSet2   0    000141a0    00001304     
                  000141a0    00001304     CalConstants1.obj (.TunSet2)

.TunSet3   0    000154a4    00001304     
                  000154a4    00001304     CalConstants2.obj (.TunSet3)

.TunSet4   0    000167a8    00001304     
                  000167a8    00001304     CalConstants3.obj (.TunSet4)

.TunSet5   0    00017aac    00001304     
                  00017aac    00001304     CalConstants4.obj (.TunSet5)

.TunSet6   0    00018db0    00001304     
                  00018db0    00001304     CalConstants5.obj (.TunSet6)

.TunSet7   0    0001a0b4    00001304     
                  0001a0b4    00001304     CalConstants6.obj (.TunSet7)

$fill003   0    0001b3b8    000049f0     
                  0001b3b8    000049f0     --HOLE-- [fill = ffffffff]

.Cal1CvnDefTbl 
*          0    0001fda8    00000010     
                  0001fda8    00000010     Edch_Gen.obj (.Cal1CvnDefTbl)

.CAL1CHECKSUM 
*          0    0001fdb8    00000000     UNINITIALIZED

$fill004   0    0001fdb8    00000008     
                  0001fdb8    00000008     --HOLE-- [fill = ffffffff]

.Cal1VerNum 
*          0    0001fdc0    00000004     
                  0001fdc0    00000004     Ap_DfltConfigData.obj (.Cal1VerNum)

.SWE2DESC 
*          0    0001fdc4    0000020c     
                  0001fdc4    0000020c     DataLogistic.obj (.SWE2DESC)

.SWE2STAT 
*          0    0001ffd0    00000030     
                  0001ffd0    00000030     DataLogistic.obj (.SWE2STAT)

.BootCvnDefTbl 
*          0    0003f880    00000010     NOLOAD SECTION
                  0003f880    00000010     Edch_Gen.obj (.BootCvnDefTbl)

.BOOTLOADER1CKSUM 
*          0    0003f890    00000000     UNINITIALIZED

.BLSharedData 
*          0    0003fad4    0000011c     NOLOAD SECTION
                  0003fad4    0000011c     AddressTable.obj (.BLSharedData)

.BOOTSWEDESC 
*          0    0003fdc4    0000020c     NOLOAD SECTION
                  0003fdc4    0000020c     DataLogistic.obj (.BOOTSWEDESC)

.BOOTSWESTAT 
*          0    0003ffd0    00000030     NOLOAD SECTION
                  0003ffd0    00000030     DataLogistic.obj (.BOOTSWESTAT)

.osconfig 
*          0    00040000    00002d84     
                  00040000    00002d84     tcb.obj (.osconfig)

.T1_alignedCodeFast 
*          0    00040000    00000000     UNINITIALIZED

.text      0    00042d84    0005f476     
                  00042d84    0000776c     Rte.obj (.text)
                  0004a4f0    00002b5c     ti_fee_util.obj (.text)
                  0004d04c    00002466     Cdc_User.obj (.text)
                  0004f4b2    00001f32     EPS_DiagSrvcs_ISO.obj (.text)
                  000513e4    00001d2c     Ap_SrlComInput2.obj (.text)
                  00053110    00001c06     Com.obj (.text)
                  00054d16    00001806     FrTp_SM.obj (.text)
                  0005651c    00001704     osekmpu.obj (.text)
                  00057c20    000014cc     interpolation.obj (.text)
                  000590ec    0000140c     Cd_TurnsCounter.obj (.text)
                  0005a4f8    000012fe     Ap_BmwRtnArbn.obj (.text)
                  0005b7f6    00001238     Ap_SrlComInput.obj (.text)
                  0005ca2e    000011ea     Ap_DampingFirewall.obj (.text)
                  0005dc18    0000119e     Edch.obj (.text)
                  0005edb6    000010c0     Gpt.obj (.text)
                  0005fe76    000010c0     XcpProf.obj (.text)
                  00060f36    00001090     Ap_AvgFricLrn.obj (.text)
                  00061fc6    00000002     Dem_DebounceMonitor.obj (.text)
                  00061fc8    00000f84     AppStartup.obj (.text)
                  00062f4c    00000f14     EcuM.obj (.text)
                  00063e60    00000e9e     Ap_VltgCtrl.obj (.text)
                  00064cfe    00000e52     Fr.obj (.text)
                  00065b50    00000df0     WdgM.obj (.text)
                  00066940    00000de0     Ap_ThrmlDutyCycle.obj (.text)
                  00067720    00000dcc     Sa_HwTrq.obj (.text)
                  000684ec    00000dc8     Ap_AbsHwPos.obj (.text)
                  000692b4    00000dc6     ComM.obj (.text)
                  0006a07a    00000d14     Swt_Certificate.obj (.text)
                  0006ad8e    00000ca2     Dsl.obj (.text)
                  0006ba30    00000c96     Ap_LktoLkStr.obj (.text)
                  0006c6c6    00000c7c     Cdc_Dispatcher.obj (.text)
                  0006d342    00000c12     Ap_EOTActuatorMng.obj (.text)
                  0006df54    00000ba6     EPS_DiagSrvcs_XCP.obj (.text)
                  0006eafa    00000b28     IoHwAb7.obj (.text)
                  0006f622    00000b18     Ap_ParamComp.obj (.text)
                  0007013a    00000afe     Ap_CustPL.obj (.text)
                  00070c38    00000ab4     Ap_VehCfg.obj (.text)
                  000716ec    00000aa6     Ap_ActivePull.obj (.text)
                  00072192    00000002     RteErrata10.obj (.text)
                  00072194    00000a80     WdgM_Checkpoint.obj (.text)
                  00072c14    00000a7a     Sa_MtrPos2.obj (.text)
                  0007368e    00000a3c     Dsp.obj (.text)
                  000740ca    000009ca     Sa_MtrVel.obj (.text)
                  00074a94    00000984     FrXcp.obj (.text)
                  00075418    0000096c     Ap_MtrTempEst.obj (.text)
                  00075d84    0000093a     Sa_PhaseDscnt.obj (.text)
                  000766be    000008a8     Ap_HystComp.obj (.text)
                  00076f66    000008a8     Dem_Depend.obj (.text)
                  0007780e    00000882     Ap_SrlComOutput2.obj (.text)
                  00078090    00000878     Coding.obj (.text)
                  00078908    0000084c     Spi_Dlc.obj (.text)
                  00079154    0000083c     FrIf.obj (.text)
                  00079990    00000828     Swt_DES.obj (.text)
                  0007a1b8    000007f6     SpiNxt.obj (.text)
                  0007a9ae    00000002     RteErrata11.obj (.text)
                  0007a9b0    000007e0     Cdc_Common_Mandatory.obj (.text)
                  0007b190    000007d8     Ap_FrqDepDmpnInrtCmp.obj (.text)
                  0007b968    000007c0     Ap_BmwHaptcFb.obj (.text)
                  0007c128    000007bc     Cd_TcFlshPrg.obj (.text)
                  0007c8e4    000007bc     Swt_FSC.obj (.text)
                  0007d0a0    000007ba     Dem_Depend_Specific.obj (.text)
                  0007d85a    00000002     RteErrata7.obj (.text)
                  0007d85c    000007b4     Ap_StaMd.obj (.text)
                  0007e010    000007b0     ti_fee_ini.obj (.text)
                  0007e7c0    000007a0     Cdc_Application_Mandatory.obj (.text)
                  0007ef60    0000078e     Ap_DiagMgr_Core.obj (.text)
                  0007f6ee    00000774     Ap_ApXcp.obj (.text)
                  0007fe62    0000076e     Ap_LnRkCr.obj (.text)
                  000805d0    0000072c     Ap_HystAdd.obj (.text)
                  00080cfc    0000071c     NvM_Act.obj (.text)
                  00081418    00000716     FrSM.obj (.text)
                  00081b2e    00000712     Ap_PosServo.obj (.text)
                  00082240    000006f4     Ap_Damping.obj (.text)
                  00082934    000006bc     Cd_uDiagResetHandler.obj (.text)
                  00082ff0    000006b4     Swt_Handler.obj (.text)
                  000836a4    000006b0     Ap_DigPhsReasDiag.obj (.text)
                  00083d54    0000069e     Edch_Gen.obj (.text)
                  000843f2    00000682     Ap_SrlComOutput.obj (.text)
                  00084a74    0000066c     Wdg_TMS570LS3x.obj (.text)
                  000850e0    00000650     Ap_AssistFirewall.obj (.text)
                  00085730    0000064c     Ap_ParkAstEnbl.obj (.text)
                  00085d7c    0000063e     Ap_RackLoad.obj (.text)
                  000863ba    00000634     Ap_TrqOsc.obj (.text)
                  000869ee    0000062c     IPduM.obj (.text)
                  0008701a    00000622     FrIf_Tx.obj (.text)
                  0008763c    0000060e     Sa_MtrDrvDiag.obj (.text)
                  00087c4a    00000002     RteErrata8.obj (.text)
                  00087c4c    00000600     Spi_Hw.obj (.text)
                  0008824c    000005d4     DiagMgr_Proxy.obj (.text)
                  00088820    0000053e     Swt_RSA.obj (.text)
                  00088d5e    00000534     Ap_StabilityComp.obj (.text)
                  00089292    00000526     Ap_PwrLmtFunc.obj (.text)
                  000897b8    00000520     Ap_SignlCondn.obj (.text)
                  00089cd8    0000051e     Ap_VehPwrMd.obj (.text)
                  0008a1f6    00000500     FrTrcv_30_Tja1080.obj (.text)
                  0008a6f6    00000002     RteErrata9.obj (.text)
                  0008a6f8    000004fc     Ap_LrnEOT.obj (.text)
                  0008abf4    000004fa     ti_fee_main.obj (.text)
                  0008b0ee    000004cc     NtWrap.obj (.text)
                  0008b5ba    000004c8     Ap_TJADamp.obj (.text)
                  0008ba82    00000002     T1_AppInterface_Cfg.obj (.text)
                  0008ba84    000004a0     Ap_Return.obj (.text)
                  0008bf24    00000484     Ap_StabilityComp2.obj (.text)
                  0008c3a8    00000482     Ap_DrvDynCtrl.obj (.text)
                  0008c82a    00000454     Sa_HwTrq2.obj (.text)
                  0008cc7e    00000450     Ap_AssistSumnLmt.obj (.text)
                  0008d0ce    00000446     PduR.obj (.text)
                  0008d514    00000442     ti_fee_writeAsync.obj (.text)
                  0008d956    00000426     Ap_DiagMgr_DemIf.obj (.text)
                  0008dd7c    00000408     Sa_MtrVel2.obj (.text)
                  0008e184    00000400     NvM.obj (.text)
                  0008e584    000003fa     Cd_uDiagECC.obj (.text)
                  0008e97e    000003f4     PwmCdd.obj (.text)
                  0008ed72    000003d8     Dsd.obj (.text)
                  0008f14a    000003d0     FrTp_FrIf.obj (.text)
                  0008f51a    000003ce     errata_SSWF021_45.obj (.text)
                  0008f8e8    00000398     Det.obj (.text)
                  0008fc80    00000390     Sa_MtrCurr.obj (.text)
                  00090010    0000038e     Swt_Dcm.obj (.text)
                  0009039e    0000037c     EPS_DiagSrvcs_XCP.Vector.obj (.text)
                  0009071a    00000002     --HOLE-- [fill = ffffffff]
                  0009071c    00000378     Darh.obj (.text)
                  00090a94    00000378     EPS_DiagSrvcs_ISO.Customer.obj (.text)
                  00090e0c    00000378     Sa_MtrPos3.obj (.text)
                  00091184    00000374     SchM.obj (.text)
                  000914f8    0000036c     Nhet.obj (.text)
                  00091864    0000035c     Port_PBcfg.obj (.text)
                  00091bc0    00000344     Ap_EtDmpFw.obj (.text)
                  00091f04    0000033c     Ap_GenPosTraj.obj (.text)
                  00092240    00000334     vstdlib.obj (.text)
                  00092574    0000032c     Ap_CurrentEst.obj (.text)
                  000928a0    0000032c     Swt_MD5.obj (.text)
                  00092bcc    0000031c     Ap_LmtCod.obj (.text)
                  00092ee8    0000031c     Sa_MtrPos.obj (.text)
                  00093204    00000312     FlsTst.obj (.text)
                  00093516    0000030a     Ap_PrkAstMfgServCh2.obj (.text)
                  00093820    000002fa     Dcm.obj (.text)
                  00093b1a    000002f0     Ap_PhaseCtrl.obj (.text)
                  00093e0a    000002e8     Dio.obj (.text)
                  000940f2    000002e8     ti_fee_read.obj (.text)
                  000943da    000002da     Fr_Timer.obj (.text)
                  000946b4    000002be     FrIf_Trcv.obj (.text)
                  00094972    000002b8     Sa_CDDInterface9.obj (.text)
                  00094c2a    000002aa     Ap_BatteryVoltage.obj (.text)
                  00094ed4    000002a0     Dem_GetFreezeFrameDataByDTC.obj (.text)
                  00095174    00000294     Sa_CtrlTemp.obj (.text)
                  00095408    00000280     FrTp_Mainfunction.obj (.text)
                  00095688    00000270     E2E_P01.obj (.text)
                  000958f8    00000270     Stm.obj (.text)
                  00095b68    00000268     Ap_OscTraj.obj (.text)
                  00095dd0    00000260     F021_API_CortexR4_BE_v3D16.lib : FlashStateMachine.InitializeFlashBanks.obj (.text:Fapi_initializeFlashBanks)
                  00096030    0000025c     Swt_Appl.obj (.text)
                  0009628c    00000248     Crc.obj (.text)
                  000964d4    00000248     Sa_TmprlMon.obj (.text)
                  0009671c    00000244     Dem_GetExtendedDataRecordByDTC.obj (.text)
                  00096960    00000242     Sa_BkCpPc.obj (.text)
                  00096ba2    0000023a     Com_Lcfg.obj (.text)
                  00096ddc    00000234     fee.obj (.text)
                  00097010    0000021c     FrIf_AbsTimer.obj (.text)
                  0009722c    00000218     Ap_Assist.obj (.text)
                  00097444    00000212     Sa_CDDInterface10.obj (.text)
                  00097656    00000210     FrTrcvPhy_30_Tja1080.obj (.text)
                  00097866    00000208     MemIf.obj (.text)
                  00097a6e    00000208     ti_fee_eraseimmediateblock.obj (.text)
                  00097c76    000001fe     Swt_Date.obj (.text)
                  00097e74    000001fc     Ap_CtrldDisShtdn.obj (.text)
                  00098070    000001f6     Adc.obj (.text)
                  00098266    000001f6     SysTimeClient.obj (.text)
                  0009845c    000001ec     Ap_StaMd_Proxy.obj (.text)
                  00098648    000001e4     Ap_DrvDynEnbl.obj (.text)
                  0009882c    000001e4     sys_core.obj (.text)
                  00098a10    000001e2     FrTp_Init.obj (.text)
                  00098bf2    000001e0     Ap_TuningSelAuth.obj (.text)
                  00098dd2    00000002     --HOLE-- [fill = ffffffff]
                  00098dd4    000001e0     Interrupts.obj (.text)
                  00098fb4    000001d6     Ap_VehSpdLmt.obj (.text)
                  0009918a    000001d4     Ap_DfltConfigData.obj (.text)
                  0009935e    000001ce     ti_fee_invalidateblock.obj (.text)
                  0009952c    000001c6     Ap_TrqBasedInrtCmp.obj (.text)
                  000996f2    000001c2     Ap_BVDiag.obj (.text)
                  000998b4    000001bc     EcuStartup.obj (.text)
                  00099a70    000001b6     Ap_DemIf.obj (.text)
                  00099c26    000001ae     ComM_Lcfg.obj (.text)
                  00099dd4    000001ae     Dem_SetOperationCycleState.obj (.text)
                  00099f82    000001a2     Adc2.obj (.text)
                  0009a124    000001a0     NvM_Crc.obj (.text)
                  0009a2c4    0000019a     Dem_SearchForEntryToReplace.obj (.text)
                  0009a45e    00000196     Ap_HwPwUp.obj (.text)
                  0009a5f4    00000196     IoHwAb_Dio.obj (.text)
                  0009a78a    0000018e     FrTp_Transmit.obj (.text)
                  0009a918    0000018c     Ap_HiLoadStall.obj (.text)
                  0009aaa4    0000018c     ComControl.obj (.text)
                  0009ac30    0000018a     Swt_Base32.obj (.text)
                  0009adba    00000002     --HOLE-- [fill = ffffffff]
                  0009adbc    00000188     NvM_Queue.obj (.text)
                  0009af44    00000186     Ap_Gsod.obj (.text)
                  0009b0ca    00000184     Ap_ReturnFirewall.obj (.text)
                  0009b24e    00000002     --HOLE-- [fill = ffffffff]
                  0009b250    00000184     NvM_Qry.obj (.text)
                  0009b3d4    00000184     Sa_MtrVel3.obj (.text)
                  0009b558    00000182     Cd_NvMProxy.obj (.text)
                  0009b6da    00000002     --HOLE-- [fill = ffffffff]
                  0009b6dc    00000180     rtsv7R4_T_be_v3D16_eabi.lib : xfsin.obj (.text)
                  0009b85c    0000017e     PduR_Lcfg.obj (.text)
                  0009b9da    00000002     --HOLE-- [fill = ffffffff]
                  0009b9dc    0000017c     F021_API_CortexR4_BE_v3D16.lib : FlashStateMachine.SetActiveBank.obj (.text:Fapi_setActiveFlashBank)
                  0009bb58    00000178     Ap_StOpCtrl.obj (.text)
                  0009bcd0    0000016c     Cd_FeeIf.obj (.text)
                  0009be3c    00000168     AppStartup.obj (.text:retain)
                  0009bfa4    00000164     Ap_Polarity.obj (.text)
                  0009c108    00000164     Ap_QuadDet.obj (.text)
                  0009c26c    00000164     Swt_Signature.obj (.text)
                  0009c3d0    00000154     Ap_ElecPwr.obj (.text)
                  0009c524    00000154     atan2.obj (.text)
                  0009c678    00000146     FrIf_Rx.obj (.text)
                  0009c7be    0000013e     Ap_MtrCtrlOpConv.obj (.text)
                  0009c8fc    0000013e     osSAPI.obj (.text)
                  0009ca3a    00000002     --HOLE-- [fill = ffffffff]
                  0009ca3c    0000013c     Spi.obj (.text)
                  0009cb78    00000138     rtsv7R4_T_be_v3D16_eabi.lib : xfexp.obj (.text)
                  0009ccb0    00000132     Dma.obj (.text)
                  0009cde2    00000128     Ap_DiagMgr_FailAction.obj (.text)
                  0009cf0a    00000002     --HOLE-- [fill = ffffffff]
                  0009cf0c    00000128     Cd_uDiagESM.obj (.text:retain)
                  0009d034    00000124     rtsv7R4_T_be_v3D16_eabi.lib : fmodf.obj (.text)
                  0009d158    00000120     WdgIf.obj (.text)
                  0009d278    0000011a     Cd_uDiagParity.obj (.text)
                  0009d392    00000118     Cd_uDiagESM.obj (.text)
                  0009d4aa    00000002     --HOLE-- [fill = ffffffff]
                  0009d4ac    00000114     Cd_uDiagVIM.obj (.text:retain)
                  0009d5c0    0000010c     Omc.obj (.text)
                  0009d6cc    00000100     Appl_Swt.obj (.text)
                  0009d7cc    000000f4     Vsm_Client.obj (.text)
                  0009d8c0    000000f4     dabort.obj (.text)
                  0009d9b4    000000ee     Dem_ClearEntry.obj (.text)
                  0009daa2    000000ec     Swt_Diffie.obj (.text)
                  0009db8e    000000ea     Adc_Common.obj (.text)
                  0009dc78    000000ea     FrIf_TimeConv.obj (.text)
                  0009dd62    000000e6     Port.obj (.text)
                  0009de48    000000d6     E2EPW_Ap_SrlComInput2_SrlComACLNYMASSCNTR_SrlComACLNYMASSCNTR_rx.obj (.text)
                  0009df1e    000000d6     E2EPW_Ap_SrlComInput2_SrlComCONVEH_SrlComCONVEH_rx.obj (.text)
                  0009dff4    000000d6     E2EPW_Ap_SrlComInput2_SrlComSGOFFSQUADEPS_SrlComSGOFFSQUADEPS_rx.obj (.text)
                  0009e0ca    000000d6     E2EPW_Ap_SrlComInput2_SrlComSGTARQTASTRMOMDV_SrlComSGTARQTASTRMOMDV_rx.obj (.text)
                  0009e1a0    000000d6     E2EPW_Ap_SrlComInput2_SrlComSGTARSTMOMDVACT_SrlComSGTARSTMOMDVACT_rx.obj (.text)
                  0009e276    000000d6     E2EPW_Ap_SrlComInput2_SrlComSGVVEH_SrlComSGVVEH_rx.obj (.text)
                  0009e34c    000000d6     E2EPW_Ap_SrlComInput2_SrlComSTCENG_SrlComSTCENG_rx.obj (.text)
                  0009e422    000000d6     E2EPW_Ap_SrlComInput2_SrlComVYAWVEH_SrlComVYAWVEH_rx.obj (.text)
                  0009e4f8    000000d6     Swt_SWData.obj (.text)
                  0009e5ce    000000d4     Dem_ClearDTC.obj (.text)
                  0009e6a2    000000d4     Dem_SpecificHookControlDTCStorage.obj (.text)
                  0009e776    000000d4     Dem_SpecificHookControlEventStatusUpdate.obj (.text)
                  0009e84a    000000d4     EcuM_PBcfg.obj (.text)
                  0009e91e    00000002     --HOLE-- [fill = ffffffff]
                  0009e920    000000cc     NvM_JobProc.obj (.text)
                  0009e9ec    000000c8     Cd_uDiagVIM.obj (.text)
                  0009eab4    000000c4     Cd_uDiagClockMonitor.obj (.text)
                  0009eb78    000000c0     Cd_uDiagLossOfExec.obj (.text)
                  0009ec38    000000c0     rtsv7R4_T_be_v3D16_eabi.lib : xfdscale.obj (.text)
                  0009ecf8    000000b8     MtrCtrl_Irq.obj (.text:retain)
                  0009edb0    000000b6     tcb.obj (.text)
                  0009ee66    000000b4     FrSM_Lcfg.obj (.text)
                  0009ef1a    000000b2     WdgResetHandler.obj (.text)
                  0009efcc    000000a8     ApplCallbacks.obj (.text)
                  0009f074    000000a8     Dem_GetSizeOfFreezeFrame.obj (.text)
                  0009f11c    000000a6     SystemTime.obj (.text)
                  0009f1c2    000000a4     SpiNxt_Irq.obj (.text)
                  0009f266    000000a2     Dem_GetSizeOfExtendedDataRecordByDTC.obj (.text)
                  0009f308    000000a2     FlsTst_Irq.obj (.text)
                  0009f3aa    0000009e     Dem_SetDTCFilterForRecords.obj (.text)
                  0009f448    0000009e     sc_ee_data.obj (.text)
                  0009f4e6    0000009c     rtsv7R4_T_be_v3D16_eabi.lib : memcpy_t2.obj (.text)
                  0009f582    00000096     IoHwAb.obj (.text)
                  0009f618    00000096     VsmSample.obj (.text)
                  0009f6ae    00000094     Dem_GetNextFilteredRecord.obj (.text)
                  0009f742    00000002     --HOLE-- [fill = ffffffff]
                  0009f744    00000094     F021_API_CortexR4_BE_v3D16.lib : BlankCheck.obj (.text:Fapi_doBlankCheck)
                  0009f7d8    00000094     Swt_Version.obj (.text)
                  0009f86c    00000090     Dem_ApplyDTCFilter.obj (.text)
                  0009f8fc    0000008e     Dem_ResetDTC.obj (.text)
                  0009f98a    00000088     FrIf_Lcfg.obj (.text)
                  0009fa12    00000084     Sa_ShtdnMech.obj (.text)
                  0009fa96    00000084     rtsv7R4_T_be_v3D16_eabi.lib : xfdnorm.obj (.text)
                  0009fb1a    00000080     Dem_SearchForEntry.obj (.text)
                  0009fb9a    00000002     --HOLE-- [fill = ffffffff]
                  0009fb9c    00000080     F021_API_CortexR4_BE_v3D16.lib : FlashStateMachine.EnableEepromSectors.obj (.text:Fapi_enableEepromBankSectors)
                  0009fc1c    00000080     Cd_uDiagFPU.obj (.text:retain)
                  0009fc9c    00000080     ti_fee_cancel.obj (.text)
                  0009fd1c    0000007c     Appl_Tasks.obj (.text)
                  0009fd98    0000007a     Ap_TrqCmdScl.obj (.text)
                  0009fe12    0000007a     E2EPW_Ap_SrlComOutput2_SrlComAVLPOEPS_SrlComAVLPOEPS_tx.obj (.text)
                  0009fe8c    0000007a     E2EPW_Ap_SrlComOutput2_SrlComAVLSTMOM_SrlComAVLFORCGRD_tx.obj (.text)
                  0009ff06    0000007a     E2EPW_Ap_SrlComOutput2_SrlComAVLSTMOM_SrlComAVLSTMOMDVACT_tx.obj (.text)
                  0009ff80    0000007a     E2EPW_Ap_SrlComOutput2_SrlComDISPCCEPS_SrlComDISPCCEPS_tx.obj (.text)
                  0009fffa    0000007a     E2EPW_Ap_SrlComOutput2_SrlComDTEST_SrlComDTEST_tx.obj (.text)
                  000a0074    0000007a     E2EPW_Ap_SrlComOutput2_SrlComSTEST_SrlComSTEST_tx.obj (.text)
                  000a00ee    00000078     E2EPW_Ap_SrlComOutput2_SrlComSUEPS_SrlComSUEPS_tx.obj (.text)
                  000a0166    00000078     Gpt_Irq.obj (.text)
                  000a01de    00000078     rtsv7R4_T_be_v3D16_eabi.lib : memset_t2.obj (.text)
                  000a0256    00000076     E2EPW_Marshal_Ap_SrlComOutput2_SrlComDTEST.obj (.text)
                  000a02cc    00000072     E2EPW_Marshal_Ap_SrlComInput2_SrlComSTCENG.obj (.text)
                  000a033e    00000070     E2EPW_Marshal_Ap_SrlComOutput2_SrlComSUEPS.obj (.text)
                  000a03ae    00000070     Swt_PBKDF1.obj (.text)
                  000a041e    0000006c     Cd_uDiagIOMM.obj (.text)
                  000a048a    0000006c     Dem_GetNextFilteredDMDebugDTC.obj (.text)
                  000a04f6    0000006a     Dem_ReportErrorStatus.obj (.text)
                  000a0560    0000006a     Swt_Common.obj (.text)
                  000a05ca    00000002     --HOLE-- [fill = ffffffff]
                  000a05cc    00000068     F021_API_CortexR4_BE_v3D16.lib : Read.Common.obj (.text:_Fapi_enterMarginMode)
                  000a0634    00000068     e2e_crc8_1d_table.obj (.text)
                  000a069c    00000066     Cd_uDiagPeriphMPU.obj (.text)
                  000a0702    00000064     AppStartupCallout.obj (.text)
                  000a0766    00000062     E2EPW_CheckDeserial_Ap_SrlComInput2_SrlComSTCENG.obj (.text)
                  000a07c8    00000060     Ap_ChkPtAp9.obj (.text)
                  000a0828    00000060     rtsv7R4_T_be_v3D16_eabi.lib : copy_decompress_rle.obj (.text)
                  000a0888    00000060     sys_pmu.obj (.text)
                  000a08e8    0000005e     SysTimeClient_Wrapper.obj (.text)
                  000a0946    0000005e     Vsm_Client_Cfg.obj (.text)
                  000a09a4    0000005e     F021_API_CortexR4_BE_v3D16.lib : Read.LoopDword.obj (.text:_Fapi_loopRegionForValue)
                  000a0a02    0000005c     Dem_ResetEventStatus.obj (.text)
                  000a0a5e    00000002     --HOLE-- [fill = ffffffff]
                  000a0a60    0000005c     rtsv7R4_T_be_v3D16_eabi.lib : expf.obj (.text)
                  000a0abc    0000005c                                 : sqrtf.obj (.text)
                  000a0b18    00000058     Dem_GetIndicatorStatus.obj (.text)
                  000a0b70    00000058     Dem_StoreFF.obj (.text)
                  000a0bc8    00000058     FrIf_Time.obj (.text)
                  000a0c20    00000058     OsErrCallouts.obj (.text)
                  000a0c78    00000056     Dem_GetEvIdByDTC.obj (.text)
                  000a0cce    00000056     Dem_GetFreezeFrameDataIdentifierByDTC.obj (.text)
                  000a0d24    00000056     Dem_GetNextFilteredDTC.obj (.text)
                  000a0d7a    00000056     Dem_GetNextFilteredDTCAndFDC.obj (.text)
                  000a0dd0    00000054     Dem_ControlDTCStorage.obj (.text)
                  000a0e24    00000054     Dem_ControlEventStatusUpdate.obj (.text)
                  000a0e78    00000054     pabort.obj (.text)
                  000a0ecc    00000052     rtsv7R4_T_be_v3D16_eabi.lib : xfdunsca.obj (.text)
                  000a0f1e    00000002     --HOLE-- [fill = ffffffff]
                  000a0f20    00000050     F021_API_CortexR4_BE_v3D16.lib : FlashStateMachine.Hercules.IsEccAddress.obj (.text:Fapi_isAddressEcc)
                  000a0f70    0000004c     Cd_uDiagStaticRegs.obj (.text)
                  000a0fbc    0000004c     Dem_DataCopy.obj (.text)
                  000a1008    0000004c     rtsv7R4_T_be_v3D16_eabi.lib : cpy_tbl.obj (.text)
                  000a1054    0000004a     CheckSums.obj (.text)
                  000a109e    00000046     Ap_Nhet2.obj (.text)
                  000a10e4    00000046     Sa_PrimaryShutdown.obj (.text)
                  000a112a    00000044     Dem_GetIdxOfDTCGroup.obj (.text)
                  000a116e    00000044     Dem_GetStatusOfDTC.obj (.text)
                  000a11b2    00000044     E2EPW_Marshal_Ap_SrlComOutput2_SrlComAVLPOEPS.obj (.text)
                  000a11f6    00000002     --HOLE-- [fill = ffffffff]
                  000a11f8    00000044     F021_API_CortexR4_BE_v3D16.lib : FlashStateMachine.EnableEepromSectors.obj (.text:_Fapi_EnableSectors)
                  000a123c    00000040     Ap_ChkPtAp10.obj (.text)
                  000a127c    00000040     Ap_ChkPtAp7.obj (.text)
                  000a12bc    00000040     filters.obj (.text)
                  000a12fc    00000040     rtsv7R4_T_be_v3D16_eabi.lib : signal.obj (.text)
                  000a133c    0000003e     E2EPW_Marshal_Ap_SrlComInput2_SrlComSGTARQTASTRMOMDV.obj (.text)
                  000a137a    0000003e     FrIf_ExtSync.obj (.text)
                  000a13b8    0000003c     Dem_SpecificHookClearDTC.obj (.text)
                  000a13f4    0000003c     Mpu.obj (.text)
                  000a1430    0000003c     F021_API_CortexR4_BE_v3D16.lib : FlashStateMachine.IssueFsmCommand.obj (.text:_Fapi_issueFsmCommand)
                  000a146c    0000003c     rtsv7R4_T_be_v3D16_eabi.lib : xfdtest.obj (.text)
                  000a14a8    0000003c     sys_memory.obj (.text)
                  000a14e4    0000003c     ti_fee_Info.obj (.text)
                  000a1520    0000003a     E2EPW_CheckDeserial_Ap_SrlComInput2_SrlComSGTARQTASTRMOMDV.obj (.text)
                  000a155a    0000003a     NvM_Cfg.obj (.text)
                  000a1594    00000038     E2EPW_CheckDeserial_Ap_SrlComInput2_SrlComSGVVEH.obj (.text)
                  000a15cc    00000038     E2EPW_Marshal_Ap_SrlComInput2_SrlComCONVEH.obj (.text)
                  000a1604    00000038     E2EPW_Marshal_Ap_SrlComInput2_SrlComSGTARSTMOMDVACT.obj (.text)
                  000a163c    00000038     E2EPW_Marshal_Ap_SrlComInput2_SrlComSGVVEH.obj (.text)
                  000a1674    00000038     E2EPW_Marshal_Ap_SrlComOutput2_SrlComDISPCCEPS.obj (.text)
                  000a16ac    00000038     F021_API_CortexR4_BE_v3D16.lib : Read.Common.obj (.text:_Fapi_readLword)
                  000a16e4    00000038     rtsv7R4_T_be_v3D16_eabi.lib : feraiseexcept.obj (.text)
                  000a171c    00000036     Dem_FFEntryData.obj (.text)
                  000a1752    00000036     Dem_GetSeverityOfDTC.obj (.text)
                  000a1788    00000036     Dem_ShiftData.obj (.text)
                  000a17be    00000036     Dem_SizeOfFF.obj (.text)
                  000a17f4    00000036     F021_API_CortexR4_BE_v3D16.lib : Utilities.CalculateFletcher.obj (.text:Fapi_calculateFletcherChecksum)
                  000a182a    00000034     Dem_GetNumberOfFilteredDTC.obj (.text)
                  000a185e    00000034     EcuM_Callout_Stubs.obj (.text)
                  000a1892    00000034     IoHwAb10.obj (.text)
                  000a18c6    00000034     IpduM_ComCallout.obj (.text)
                  000a18fa    00000002     --HOLE-- [fill = ffffffff]
                  000a18fc    00000034     rtsv7R4_T_be_v3D16_eabi.lib : xferaise.obj (.text)
                  000a1930    00000030     Ap_ChkPtAp8.obj (.text)
                  000a1960    00000030     Dem_SpecificHookEventEntry.obj (.text)
                  000a1990    00000030     E2EPW_CheckDeserial_Ap_SrlComInput2_SrlComACLNYMASSCNTR.obj (.text)
                  000a19c0    00000030     E2EPW_CheckDeserial_Ap_SrlComInput2_SrlComSGTARSTMOMDVACT.obj (.text)
                  000a19f0    00000030     E2EPW_CheckDeserial_Ap_SrlComInput2_SrlComVYAWVEH.obj (.text)
                  000a1a20    00000030     E2EPW_Marshal_Ap_SrlComInput2_SrlComACLNYMASSCNTR.obj (.text)
                  000a1a50    00000030     E2EPW_Marshal_Ap_SrlComInput2_SrlComVYAWVEH.obj (.text)
                  000a1a80    00000030     F021_API_CortexR4_BE_v3D16.lib : Async.WithAddress.obj (.text:Fapi_issueAsyncCommandWithAddress)
                  000a1ab0    00000030                                    : Utilities.WaitDelay.obj (.text:Fapi_waitDelay)
                  000a1ae0    0000002e     E2EPW_CheckDeserial_Ap_SrlComInput2_SrlComCONVEH.obj (.text)
                  000a1b0e    0000002e     rtsv7R4_T_be_v3D16_eabi.lib : raise.obj (.text)
                  000a1b3c    0000002c     Appl_Crypto.obj (.text)
                  000a1b68    0000002c     E2EPW_Marshal_Ap_SrlComOutput2_SrlComAVLFORCGRD.obj (.text)
                  000a1b94    0000002c     F021_API_CortexR4_BE_v3D16.lib : Read.Common.obj (.text:_Fapi_exitMarginMode)
                  000a1bc0    0000002c                                    : Read.Common.obj (.text:_Fapi_readDword)
                  000a1bec    0000002a     Dem_FindEDNumIndex.obj (.text)
                  000a1c16    0000002a     F021_API_CortexR4_BE_v3D16.lib : Async.obj (.text:Fapi_issueAsyncCommand)
                  000a1c40    00000028     E2EPW_Marshal_Ap_SrlComOutput2_SrlComAVLSTMOMDVACT.obj (.text)
                  000a1c68    00000026     FrTp_VersionInfo.obj (.text)
                  000a1c8e    00000024     Dem_SetDTCFilter.obj (.text)
                  000a1cb2    00000024     Dem_Static.obj (.text)
                  000a1cd6    00000024     Dem_Static_Specific.obj (.text)
                  000a1cfa    00000024     RednRpdShtdn.obj (.text)
                  000a1d1e    00000024     rtsv7R4_T_be_v3D16_eabi.lib : memmov.obj (.text)
                  000a1d42    00000022     Dem_EDEntryData.obj (.text)
                  000a1d64    00000022     F021_API_CortexR4_BE_v3D16.lib : Read.FlushPipeline.obj (.text:Fapi_flushPipeline)
                  000a1d86    00000022     rtsv7R4_T_be_v3D16_eabi.lib : memcmp.obj (.text)
                  000a1da8    00000020     Ap_ChkPtAp11.obj (.text)
                  000a1dc8    00000020     ApplNetInterface.obj (.text)
                  000a1de8    00000020     MtrCtrl_Irq.obj (.text)
                  000a1e08    0000001e     Dem_ControlDTCRecordUpdate.obj (.text)
                  000a1e26    0000001e     Dem_GetDTCOfEvent.obj (.text)
                  000a1e44    0000001e     E2EPW_Marshal_Ap_SrlComInput2_SrlComSGOFFSQUADEPS.obj (.text)
                  000a1e62    0000001e     E2EPW_Marshal_Ap_SrlComOutput2_SrlComSTEST.obj (.text)
                  000a1e80    0000001e     Swt_Hash.obj (.text)
                  000a1e9e    00000002     --HOLE-- [fill = ffffffff]
                  000a1ea0    0000001c     F021_API_CortexR4_BE_v3D16.lib : FlashStateMachine.Hercules.IsEccAddress.obj (.text:Fapi_isAddressEEPROM)
                  000a1ebc    0000001c                                    : FlashStateMachine.InitializeFlashBanks.obj (.text:_Fapi_divideUnsignedLong)
                  000a1ed8    0000001a     Dem_GetEventTested.obj (.text)
                  000a1ef2    0000001a     Dem_SetEventStatus.obj (.text)
                  000a1f0c    0000001a     Dem_SizeOfEntryData.obj (.text)
                  000a1f26    0000001a     E2EPW_CheckDeserial_Ap_SrlComInput2_SrlComSGOFFSQUADEPS.obj (.text)
                  000a1f40    00000018     Fr_Irq.obj (.text)
                  000a1f58    00000018     rtsv7R4_T_be_v3D16_eabi.lib : _lock.obj (.text)
                  000a1f70    00000016     Dem_GetEvStBitVal.obj (.text)
                  000a1f86    00000014     Mcu.obj (.text)
                  000a1f9a    00000012     Dem_GetEventStatus.obj (.text)
                  000a1fac    00000012     Dem_GetVersionInfo.obj (.text)
                  000a1fbe    00000012     Dem_SetDMDebugFilter.obj (.text)
                  000a1fd0    00000012     FrTp_CancelTrReq.obj (.text)
                  000a1fe2    00000010     Ap_Sweep.obj (.text)
                  000a1ff2    00000010     Dem_GetEventFailed.obj (.text)
                  000a2002    00000002     --HOLE-- [fill = ffffffff]
                  000a2004    00000010     F021_API_CortexR4_BE_v3D16.lib : Utilities.GetNumberOfSectors.obj (.text:Fapi_getNumberOfBankSectors)
                  000a2014    00000010     Spi_Irq.obj (.text)
                  000a2024    00000010     F021_API_CortexR4_BE_v3D16.lib : FlashStateMachine.ScaleFclk.obj (.text:_scaleEEFclk)
                  000a2034    00000010                                    : FlashStateMachine.ScaleFclk.obj (.text:_scaleMainFclk)
                  000a2044    00000010     undefinst.obj (.text)
                  000a2054    0000000e     Ap_ApXcp_Cfg.obj (.text)
                  000a2062    0000000e     Ap_Sweep2.obj (.text)
                  000a2070    0000000e     Cd_uDiagCCRM.obj (.text)
                  000a207e    0000000e     rtsv7R4_T_be_v3D16_eabi.lib : copy_decompress_none.obj (.text:decompress:none)
                  000a208c    0000000c     fiqintvect.obj (.text)
                  000a2098    0000000c     FrTp_ChangeParamrReq.obj (.text)
                  000a20a4    0000000c     F021_API_CortexR4_BE_v3D16.lib : Read.WdService.obj (.text:_Fapi_checkWdService)
                  000a20b0    00000008     Ap_SrlScomSrvc.obj (.text)
                  000a20b8    00000008     Cd_uDiagUtility.obj (.text)
                  000a20c0    00000008     Dem_GetDTCByOccurrenceTime.obj (.text)
                  000a20c8    00000008     Dem_GetDTCOfFreezeFrameRecord.obj (.text)
                  000a20d0    00000008     Dem_GetDTCStatusAvailabilityMask.obj (.text)
                  000a20d8    00000008     Dem_GetTranslationType.obj (.text)
                  000a20e0    00000008     FreeTimer.obj (.text)
                  000a20e8    00000006     Dem_Cfg_Specific.obj (.text)
                  000a20ee    00000006     Dem_GetViewIDOfDTC.obj (.text)
                  000a20f4    00000006     Dem_RteCallouts.obj (.text)
                  000a20fa    00000006     Sa_TmprlMon2.obj (.text)
                  000a2100    00000006     Spi_DlcDma.obj (.text)
                  000a2106    00000006     rtsv7R4_T_be_v3D16_eabi.lib : copy_decompress_rle.obj (.text:decompress:rle24)
                  000a210c    00000006                                 : copy_decompress_rle.obj (.text:decompress:rle)
                  000a2112    00000006                                 : cosf.obj (.text)
                  000a2118    00000006                                 : sinf.obj (.text)
                  000a211e    00000004     Ap_FltInjection.obj (.text)
                  000a2122    00000004     Cd_uDiagFPU.obj (.text)
                  000a2126    00000004     Dem_GetDistanceDTCclear.obj (.text)
                  000a212a    00000004     Dem_GetDistanceMIL.obj (.text)
                  000a212e    00000004     Dem_GetMILStatus.obj (.text)
                  000a2132    00000004     Dem_GetMonitorStatus.obj (.text)
                  000a2136    00000004     Dem_GetOBDReadiness.obj (.text)
                  000a213a    00000004     Dem_GetTimeDTCclear.obj (.text)
                  000a213e    00000004     Dem_GetTimeMIL.obj (.text)
                  000a2142    00000004     Dem_GetWarmupCycleDTCclear.obj (.text)
                  000a2146    00000004     Dem_SetValueByOemId.obj (.text)
                  000a214a    00000004     Dem_SetViewFilter.obj (.text)
                  000a214e    00000004     Fapi_UserDefinedFunctions.obj (.text)
                  000a2152    00000002     --HOLE-- [fill = ffffffff]
                  000a2154    0000000a     WdgM_Checkpoint.obj (.tramp.WdgM_CheckpointReached.1)
                  000a215e    00000002     --HOLE-- [fill = ffffffff]
                  000a2160    0000000a     osekasm.obj (.tramp.osPsysIncrementCounter.1)
                  000a216a    00000002     --HOLE-- [fill = ffffffff]
                  000a216c    0000000a     Ap_StaMd.obj (.tramp.StaMd_Init0.1)
                  000a2176    00000002     --HOLE-- [fill = ffffffff]
                  000a2178    0000000a     Ap_AbsHwPos.obj (.tramp.AbsHwPos_SCom_VehicleSystemStatus.1)
                  000a2182    00000002     --HOLE-- [fill = ffffffff]
                  000a2184    0000000a     Ap_AbsHwPos.obj (.tramp.AbsHwPos_Scom_ClearCenterPosition.1)
                  000a218e    00000002     --HOLE-- [fill = ffffffff]
                  000a2190    0000000a     Ap_AbsHwPos.obj (.tramp.AbsHwPos_Scom_ClearRacktoVehCntrOffset.1)
                  000a219a    00000002     --HOLE-- [fill = ffffffff]
                  000a219c    0000000a     Ap_AbsHwPos.obj (.tramp.AbsHwPos_SetData_SetRacktoVehCntrOffset.1)
                  000a21a6    00000002     --HOLE-- [fill = ffffffff]
                  000a21a8    0000000a     Ap_LrnEOT.obj (.tramp.LrnEOT_Scom_ResetEOT.1)
                  000a21b2    00000002     --HOLE-- [fill = ffffffff]
                  000a21b4    0000000a     Ap_StaMd.obj (.tramp.StaMd_SCom_EcuReset.1)
                  000a21be    00000002     --HOLE-- [fill = ffffffff]
                  000a21c0    0000000a     WdgM.obj (.tramp.WdgM_Init.1)
                  000a21ca    00000002     --HOLE-- [fill = ffffffff]
                  000a21cc    0000000a     Wdg_TMS570LS3x.obj (.tramp.Wdg_TMS570LS3x_Init.1)
                  000a21d6    00000002     --HOLE-- [fill = ffffffff]
                  000a21d8    0000000a     Ap_VehCfg.obj (.tramp.CbkBlock_Receive.1)
                  000a21e2    00000002     --HOLE-- [fill = ffffffff]
                  000a21e4    0000000c     Cd_NvMProxy.obj (.tramp.NvMProxy_WriteBlock.1)
                  000a21f0    0000000a     osekasm.obj (.tramp.osPsysSetEvent.1)

$fill005   0    000a21fa    00000006     
                  000a21fa    00000006     --HOLE-- [fill = ffffffff]

.const     0    000a2200    0000a421     
                  000a2200    00001002     PwmCdd.obj (.const:t_S_SinePhsToGndTbl_Cnt_u0p16)
                  000a3202    00000002     --HOLE-- [fill = ffffffff]
                  000a3204    00000dd4     EPS_DiagSrvcs_SrvcLUTbl.obj (.const:t_DiagSrv_PIDtbl)
                  000a3fd8    0000099c     Com_PBcfg.obj (.const:Com_Signal_SignalAttributes)
                  000a4974    00000888     WdgM_PBcfg.obj (.const:WdgMCheckPoint)
                  000a51fc    00000690     uDiag_Cfg.obj (.const:StaticRegTable_Cnt_M_str)
                  000a588c    00000640     Nhet_Prog.obj (.const:HET_INIT0_PST)
                  000a5ecc    00000570     NvM_Cfg.obj (.const:NvM_BlockDescriptorTable_at)
                  000a643c    00000400     DiagMgr_Cfg.obj (.const:T_DiagMgrNtcAppInfoMap_Cnt_Str)
                  000a683c    00000390     Fee_Cfg.obj (.const:Fee_BlockConfiguration)
                  000a6bcc    00000376     Appl_Swt.obj (.const:rootCert$5)
                  000a6f42    00000002     --HOLE-- [fill = ffffffff]
                  000a6f44    00000376     RootCertificate.obj (.const:rootCert)
                  000a72ba    00000002     --HOLE-- [fill = ffffffff]
                  000a72bc    00000360     Dem_Cfg.obj (.const:Dem_EventDesc)
                  000a761c    0000030c     FscsCertificate.obj (.const:fscsCert)
                  000a7928    00000304     Rte.obj (.const:Rte_T_SINELKPTBL_ULS_F32)
                  000a7c2c    00000304     Rte.obj (.const:Rte_T_TANLKPTBL_ULS_F32)
                  000a7f30    000002f8     WdgM_PBcfg.obj (.const:WdgMSupervisedEntity)
                  000a8228    000002a4     SigsCertificate.obj (.const:sigsCert)
                  000a84cc    00000210     Fr_Lcfg.obj (.const:Fr_VCcBufs)
                  000a86dc    000001b0     NvM_JobProc.obj (.const:NvM_StateDescrTable_at)
                  000a888c    000001a4     Device_TMS570LS12.obj (.const:Device_FlashDevice)
                  000a8a30    00000184     Rte.obj (.const)
                  000a8bb4    00000178     Swt_SWData.obj (.const:Swt_SWDataDefault)
                  000a8d2c    00000134     FrTp_PBCfg.obj (.const:FrTpMultipleConfigLayout)
                  000a8e60    00000100     CheckSums.obj (.const:CrcTable)
                  000a8f60    00000100     e2e_crc8_1d_table.obj (.const:crctab_H1D_cau8)
                  000a9060    00000100     Swt_MD5.obj (.const:y$1)
                  000a9160    000000e4     WdgM_PBcfg.obj (.const:WdgMTransition)
                  000a9244    000000e0     WdgM_PBcfg.obj (.const:WdgMGlobalTransition)
                  000a9324    000000d6     Dem_Cfg.obj (.const:Dem_CbkLookupTableGetFaultDetectionCounter)
                  000a93fa    00000002     --HOLE-- [fill = ffffffff]
                  000a93fc    000000d0     Cd_NvMProxy_PBcfg.obj (.const:NvMProxyCfg)
                  000a94cc    000000c7     Com_PBcfg.obj (.const:Com_TxBuffer_IpduInitValue)
                  000a9593    00000001     --HOLE-- [fill = ffffffff]
                  000a9594    000000c0     CalConstants.obj (.const:T_TunPersSelectionTbl_Ptr_Str)
                  000a9654    000000be     Com_PBcfg.obj (.const)
                  000a9712    00000002     --HOLE-- [fill = ffffffff]
                  000a9714    000000bc     Com_Lcfg.obj (.const:Com_RxNHdlr_NotificationFuncPtr)
                  000a97d0    000000b4     Com_PBcfg.obj (.const:Com_RxBuffer_IpduInitValue)
                  000a9884    000000b0     Nhet2_Prog.obj (.const:HET_INIT1_PST)
                  000a9934    000000ae     Dem_Cfg_Specific.obj (.const:Dem_CbkLookupTableTriggerOnError)
                  000a99e2    00000002     --HOLE-- [fill = ffffffff]
                  000a99e4    000000ae     FrIf_Lcfg.obj (.const:FrIf_RxFrameLayoutElements)
                  000a9a92    00000002     --HOLE-- [fill = ffffffff]
                  000a9a94    000000a8     Dcm.obj (.const:Dcm_ProtocolDefaultTiming)
                  000a9b3c    000000a8     DiagMgr_Cfg.obj (.const:T_NTCMapTbl10_Cnt_enum)
                  000a9be4    000000a7     Edch.obj (.const)
                  000a9c8b    00000001     --HOLE-- [fill = ffffffff]
                  000a9c8c    000000a0     prooftestv02.obj (.const:HET_INIT7_PST)
                  000a9d2c    0000009f     Coding.obj (.const:Coding_NvDataDefaults)
                  000a9dcb    00000001     --HOLE-- [fill = ffffffff]
                  000a9dcc    0000009c     Com_PBcfg.obj (.const:Com_RxBuffer_IpduInfo)
                  000a9e68    0000009c     Com_Lcfg.obj (.const:Com_RxNHdlr_TimeoutNotiFuncPtr)
                  000a9f04    0000009c     Dcm.obj (.const:Dcm_ServiceIdTable)
                  000a9fa0    0000009a     EcuM.obj (.const:EcuM_StateDescrTable_at)
                  000aa03a    00000002     --HOLE-- [fill = ffffffff]
                  000aa03c    00000098     Ap_DemIf.obj (.const:t_EdchRelDiagTbl_str)
                  000aa0d4    00000098     Edch.obj (.const:t_EdchRelDiagTbl_str)
                  000aa16c    00000090     IpduM_PBcfg.obj (.const)
                  000aa1fc    0000008e     FrIf_Lcfg.obj (.const)
                  000aa28a    00000002     --HOLE-- [fill = ffffffff]
                  000aa28c    0000008c     Dcm.obj (.const:Dcm_ProtocolRxTable)
                  000aa318    0000008c     FlsTst_Cfg.obj (.const:FlsTst_MemBlk_Runtime)
                  000aa3a4    0000008c     NvM_Act.obj (.const:NvM_ActionTable_ap)
                  000aa430    00000088     Com_PBcfg.obj (.const:Com_ConfigStruct)
                  000aa4b8    00000088     Fr_Lcfg.obj (.const:Fr_VCcRegVals)
                  000aa540    00000084     Appl_Swt.obj (.const:fscsPubKeyMod$2)
                  000aa5c4    00000080     FrTp_SM.obj (.const:FrTpRxSMSeg)
                  000aa644    0000007e     Com_PBcfg.obj (.const:Com_Signal_SigGrpBufferInfo)
                  000aa6c2    00000002     --HOLE-- [fill = ffffffff]
                  000aa6c4    0000007e     Com_PBcfg.obj (.const:Com_Signal_SignalGroupMask)
                  000aa742    00000002     --HOLE-- [fill = ffffffff]
                  000aa744    0000007e     Dio_Lcfg.obj (.const)
                  000aa7c2    00000002     --HOLE-- [fill = ffffffff]
                  000aa7c4    0000007e     FrIf_Lcfg.obj (.const:FrIf_TxFrameLayoutElements)
                  000aa842    00000002     --HOLE-- [fill = ffffffff]
                  000aa844    0000007e     FrIf_Lcfg.obj (.const:FrIf_TxPduDescriptors)
                  000aa8c2    00000002     --HOLE-- [fill = ffffffff]
                  000aa8c4    00000078     FrIf_Lcfg.obj (.const:FrIf_RxFrameDescriptors)
                  000aa93c    00000074     FrIf_Lcfg.obj (.const:FrIf_RxPduDescriptors)
                  000aa9b0    00000070     PduR_PBcfg.obj (.const:PduR_CfgTblRxFrTp2UpPduRGlobalConfig)
                  000aaa20    00000070     Sa_TmprlMon.obj (.const:TmprlMonStateTbl_Cnt_M_Str)
                  000aaa90    0000006c     Dem_Cfg.obj (.const:Dem_CbkProperty)
                  000aaafc    0000006c     Dem_Cfg_Specific.obj (.const:Dem_EventDescSpecific)
                  000aab68    00000068     PduR_PBcfg.obj (.const:PduR_CfgTblRxFrIf2UpPduRGlobalConfig)
                  000aabd0    00000068     Spi_PBcfg.obj (.const)
                  000aac38    00000067     Ap_DfltConfigData.obj (.const)
                  000aac9f    00000001     --HOLE-- [fill = ffffffff]
                  000aaca0    00000064     Dem_Cfg.obj (.const)
                  000aad04    00000060     FrTp_SM.obj (.const:FrTpTxSMSeg)
                  000aad64    0000005a     EPS_DiagSrvcs_XCP.obj (.const)
                  000aadbe    00000002     --HOLE-- [fill = ffffffff]
                  000aadc0    0000005a     Fr_Lcfg.obj (.const:Fr_VRxVirtBuf2PhysBufMap)
                  000aae1a    00000002     --HOLE-- [fill = ffffffff]
                  000aae1c    0000005a     DiagMgr_Cfg.obj (.const:T_NTCMapTbl9_Cnt_enum)
                  000aae76    00000002     --HOLE-- [fill = ffffffff]
                  000aae78    00000056     Dem_Depend_Specific.obj (.const)
                  000aaece    00000002     --HOLE-- [fill = ffffffff]
                  000aaed0    00000054     Dcm.obj (.const:Dcm_ProtocolTable)
                  000aaf24    00000054     PduR_PBcfg.obj (.const:PduR_CfgTblTxFrIf2UpPduRGlobalConfig)
                  000aaf78    00000054     PduR_Lcfg.obj (.const:PduR_Core_TransmitFctPtrTbl)
                  000aafcc    00000054     PduR_Lcfg.obj (.const:PduR_Core_UpIfRxIndication)
                  000ab020    00000054     PduR_Lcfg.obj (.const:PduR_Core_UpIfTriggerTransmit)
                  000ab074    00000054     PduR_Lcfg.obj (.const:PduR_Core_UpIfTxConfirmation)
                  000ab0c8    00000054     PduR_Lcfg.obj (.const:PduR_Core_UpTpProvideRxBuffer)
                  000ab11c    00000054     PduR_Lcfg.obj (.const:PduR_Core_UpTpProvideTxBuffer)
                  000ab170    00000054     PduR_Lcfg.obj (.const:PduR_Core_UpTpRxIndication)
                  000ab1c4    00000054     PduR_Lcfg.obj (.const:PduR_Core_UpTpTxConfirmation)
                  000ab218    00000053     Com_PBcfg.obj (.const:Com_TxSigIf_SignalTransferEventProperty)
                  000ab26b    00000001     --HOLE-- [fill = ffffffff]
                  000ab26c    00000004     Ap_EOTActuatorMng.obj (.const)
                  000ab270    00000050     FlsTst.obj (.const:t_FlsTstSlfTstData_Cnt_u64)
                  000ab2c0    0000004e     Com_PBcfg.obj (.const:Com_LMgt_IPduGroup2IPdusIndirection)
                  000ab30e    00000002     --HOLE-- [fill = ffffffff]
                  000ab310    0000004e     Com_PBcfg.obj (.const:Com_TxBuffer_IpduInfo)
                  000ab35e    00000002     --HOLE-- [fill = ffffffff]
                  000ab360    0000004c     EcuM.obj (.const:EcuM_ActionTable_ap)
                  000ab3ac    0000004c     FrIf_Lcfg.obj (.const:FrIf_TxFrameDescriptors)
                  000ab3f8    0000004c     Fr_Lcfg.obj (.const:Fr_VTxVirtBuf2PhysBufMap)
                  000ab444    0000004c     NvM_Qry.obj (.const:NvM_QueryTable_ap)
                  000ab490    00000048     Dio_Lcfg.obj (.const:Dio_ChannelCheckTable)
                  000ab4d8    00000048     PduR_PBcfg.obj (.const:PduRGlobalConfig)
                  000ab520    00000048     Swt_Dcm.obj (.const:Swt_RoutineControlDescriptorTable)
                  000ab568    00000044     FrIf_Lcfg.obj (.const:FrIf_RxHandles)
                  000ab5ac    00000044     Fr_Lcfg.obj (.const:Fr_VCcRegAddrs)
                  000ab5f0    00000044     WdgM_PBcfg.obj (.const:WdgMConfig_Mode0)
                  000ab634    00000040     ComM.obj (.const:ComM_TransitionFctTable)
                  000ab674    00000040     Dcm.obj (.const:Dcm_SecLevel)
                  000ab6b4    00000040     DiagMgr_Cfg.obj (.const)
                  000ab6f4    00000040     FrIf_Lcfg.obj (.const:FrIf_RxTxTaskScheduleData)
                  000ab734    00000040     Swt_DES.obj (.const:Swt_DESInitialPerm)
                  000ab774    00000040     Swt_DES.obj (.const:Swt_DESInvInitialPerm)
                  000ab7b4    00000040     Swt_DES.obj (.const:Swt_DESSBox12$2)
                  000ab7f4    00000040     Swt_DES.obj (.const:Swt_DESSBox34$3)
                  000ab834    00000040     Swt_DES.obj (.const:Swt_DESSBox56$4)
                  000ab874    00000040     Swt_DES.obj (.const:Swt_DESSBox78$5)
                  000ab8b4    00000040     DiagMgr_Cfg.obj (.const:T_NTCMapTbl7_Cnt_enum)
                  000ab8f4    00000040     Sa_MtrPos3.obj (.const:TaylorATanTbl)
                  000ab934    00000040     Ap_StaMd.obj (.const:t_StateLkpTbl_Cnt_u8)
                  000ab974    0000003f     Dcm.obj (.const:Dcm_SubFunctions0x19)
                  000ab9b3    00000001     --HOLE-- [fill = ffffffff]
                  000ab9b4    0000003c     FrIf_Lcfg.obj (.const:FrIf_TxHandles)
                  000ab9f0    00000038     Com_PBcfg.obj (.const:Com_16BitValue)
                  000aba28    00000038     NvM_Cfg.obj (.const)
                  000aba60    00000038     PduR_PBcfg.obj (.const:PduR_CfgTblTxDcm2LoPduRGlobalConfig)
                  000aba98    00000038     PduR_PBcfg.obj (.const:PduR_CfgTblTxFrTp2UpPduRGlobalConfig)
                  000abad0    00000038     Swt_DES.obj (.const:Swt_DESKeySchedulePC1$7)
                  000abb08    00000036     Dem_Cfg.obj (.const:Dem_IndicatorLink)
                  000abb3e    00000002     --HOLE-- [fill = ffffffff]
                  000abb40    00000036     frxcp_par.obj (.const:FrXcpPduDescriptorList)
                  000abb76    00000002     --HOLE-- [fill = ffffffff]
                  000abb78    00000034     Com_PBcfg.obj (.const:Com_RxDlMon_TimeoutTime)
                  000abbac    00000034     Com_PBcfg.obj (.const:Com_RxLLIf_PduCalloutIndirection)
                  000abbe0    00000034     EcuM.obj (.const:EcuM_QueryTable_ap)
                  000abc14    00000034     PduR_PBcfg.obj (.const:PduR_CfgTblTxCom2LoPduRGlobalConfig)
                  000abc48    00000034     xcp_par.obj (.const)
                  000abc7c    00000032     Ap_DfltConfigData.obj (.const:k_SWRelNum_Cnt_u8)
                  000abcae    00000002     --HOLE-- [fill = ffffffff]
                  000abcb0    00000030     Dcm.obj (.const:Dcm_SessionLevel)
                  000abce0    00000030     FrTp_SM.obj (.const:FrTpRxSMUnseg)
                  000abd10    00000030     FrTp_SM.obj (.const:FrTpTxSMUnseg)
                  000abd40    00000030     Fr.obj (.const:Fr_VPocStateMapTable)
                  000abd70    00000030     Gpt_PBcfg.obj (.const:Gpt_Runtime_Chl_at)
                  000abda0    00000030     Swt_DES.obj (.const)
                  000abdd0    00000030     Swt_DES.obj (.const:Swt_DESExpansion$9)
                  000abe00    00000030     Swt_DES.obj (.const:Swt_DESKeySchedulePC2$8)
                  000abe30    00000030     Swt_MD5.obj (.const)
                  000abe60    00000030     Ap_StaMd_Cfg.obj (.const:T_TypeHInfo_Cnt_Str)
                  000abe90    0000002e     Com_PBcfg.obj (.const:Com_RxNHdlr_NotiFuncIndirection)
                  000abebe    00000002     --HOLE-- [fill = ffffffff]
                  000abec0    0000002e     WdgM_PBcfg.obj (.const)
                  000abeee    00000002     --HOLE-- [fill = ffffffff]
                  000abef0    0000002c     Com_PBcfg.obj (.const:Com_TxModeHdlr_TxMode)
                  000abf1c    0000002a     Com_PBcfg.obj (.const:Com_Signal_SignalGroup2IpduIndirection)
                  000abf46    00000002     --HOLE-- [fill = ffffffff]
                  000abf48    0000002a     Com_PBcfg.obj (.const:Com_Signal_SignalGroupMaskIdx)
                  000abf72    00000002     --HOLE-- [fill = ffffffff]
                  000abf74    0000002a     Dcm.obj (.const:Dcm_ProtocolTxTable)
                  000abf9e    00000002     --HOLE-- [fill = ffffffff]
                  000abfa0    00000028     Ap_StaMd_Cfg.obj (.const)
                  000abfc8    00000028     Dcm.obj (.const:Dcm_DiagnosticBufferCfg)
                  000abff0    00000028     IpduM_PBcfg.obj (.const:Ipdum_TxPathWay)
                  000ac018    00000028     Rte.obj (.const:Rte_T_HWPOSNCOMPINIT_HWDEG_STR)
                  000ac040    00000028     DiagMgr_Cfg.obj (.const:T_DiagMgrNtcInfoPtr_Cnt_Str)
                  000ac068    00000028     rtsv7R4_T_be_v3D16_eabi.lib : xfsin.obj (.const)
                  000ac090    00000026     Com_PBcfg.obj (.const:Com_RxNHdlr_TimeoutFuncIndirection)
                  000ac0b6    00000002     --HOLE-- [fill = ffffffff]
                  000ac0b8    00000026     Dem_Cfg.obj (.const:Dem_CbkLookupTableTriggerOnEvent)
                  000ac0de    00000002     --HOLE-- [fill = ffffffff]
                  000ac0e0    00000024     Ap_DrvDynEnbl.obj (.const)
                  000ac104    00000024     Com_Lcfg.obj (.const)
                  000ac128    00000024     Dem_Cfg_Specific.obj (.const)
                  000ac14c    00000024     Dio_Lcfg.obj (.const:Dio_PortAddrTable)
                  000ac170    00000024     Dio_Lcfg.obj (.const:Dio_PortCheckTable)
                  000ac194    00000024     EcuM_PBcfg.obj (.const:EcuM_WakeupSourceList_at)
                  000ac1b8    00000024     FlsTst.obj (.const)
                  000ac1dc    00000024     IpduM_PBcfg.obj (.const:Ipdum_RxPathWay)
                  000ac200    00000024     MemIf_Cfg.obj (.const)
                  000ac224    00000024     PduR_PBcfg.obj (.const)
                  000ac248    00000024     Adc.obj (.const:T_Adc1GroupConfigData_Cnt_Str)
                  000ac26c    00000024     Adc2.obj (.const:T_Adc2GroupConfigData_Cnt_Str)
                  000ac290    00000024     Ap_ParkAstEnbl.obj (.const:t_PrkAstStateHandler_Cnt_Fn)
                  000ac2b4    00000020     CalConstants.obj (.const)
                  000ac2d4    00000020     Dio.obj (.const)
                  000ac2f4    00000020     fee.obj (.const)
                  000ac314    0000001d     FrTrcvPhy_30_Tja1080.obj (.const)
                  000ac331    00000003     --HOLE-- [fill = ffffffff]
                  000ac334    0000001c     Ap_ApXcp_Cfg.obj (.const)
                  000ac350    0000001c     Coding.obj (.const)
                  000ac36c    0000001c     Port_PBcfg.obj (.const)
                  000ac388    0000001c     Swt_Certificate.obj (.const)
                  000ac3a4    0000001c     WdgIf_Lcfg.obj (.const)
                  000ac3c0    0000001c     Wdg_TMS570LS3x_Lcfg.obj (.const)
                  000ac3dc    0000001c     rtsv7R4_T_be_v3D16_eabi.lib : xfexp.obj (.const)
                  000ac3f8    0000001a     FrSM_PBcfg.obj (.const)
                  000ac412    00000002     --HOLE-- [fill = ffffffff]
                  000ac414    00000018     Fee_Cfg.obj (.const)
                  000ac42c    00000018     Fr.obj (.const)
                  000ac444    00000018     FrTrcv_30_Tja1080_Cfg.obj (.const)
                  000ac45c    00000018     NvM_JobProc.obj (.const)
                  000ac474    00000018     Swt_Date.obj (.const)
                  000ac48c    00000014     Appl_Swt.obj (.const)
                  000ac4a0    00000014     ComM_Lcfg.obj (.const)
                  000ac4b4    00000014     Dsp.obj (.const)
                  000ac4c8    00000014     FrTp_PBCfg.obj (.const)
                  000ac4dc    00000014     NvM_Crc.obj (.const)
                  000ac4f0    00000012     Swt_Signature.obj (.const)
                  000ac502    00000002     --HOLE-- [fill = ffffffff]
                  000ac504    00000011     Swt_Version.obj (.const)
                  000ac515    00000003     --HOLE-- [fill = ffffffff]
                  000ac518    00000010     ComM.obj (.const)
                  000ac528    00000010     FrIf_Tx.obj (.const)
                  000ac538    00000010     Gpt.obj (.const)
                  000ac548    0000000f     SchM.obj (.const)
                  000ac557    00000001     --HOLE-- [fill = ffffffff]
                  000ac558    0000000d     FrXcp.obj (.const)
                  000ac565    00000003     --HOLE-- [fill = ffffffff]
                  000ac568    0000000c     FlsTst_Cfg.obj (.const)
                  000ac574    0000000a     Dem_Depend.obj (.const)
                  000ac57e    00000002     --HOLE-- [fill = ffffffff]
                  000ac580    0000000a     Sa_PhaseDscnt.obj (.const)
                  000ac58a    00000002     --HOLE-- [fill = ffffffff]
                  000ac58c    0000000a     Vsm_Client_Cfg.obj (.const)
                  000ac596    00000002     --HOLE-- [fill = ffffffff]
                  000ac598    0000000a     v_par.obj (.const)
                  000ac5a2    00000002     --HOLE-- [fill = ffffffff]
                  000ac5a4    00000009     Ap_ParkAstEnbl.obj (.const)
                  000ac5ad    00000003     --HOLE-- [fill = ffffffff]
                  000ac5b0    00000008     EcuM_PBcfg.obj (.const)
                  000ac5b8    00000008     FrIf.obj (.const)
                  000ac5c0    00000008     Gpt_PBcfg.obj (.const)
                  000ac5c8    00000007     Darh.obj (.const)
                  000ac5cf    00000001     --HOLE-- [fill = ffffffff]
                  000ac5d0    00000006     Ap_AbsHwPos.obj (.const)
                  000ac5d6    00000002     --HOLE-- [fill = ffffffff]
                  000ac5d8    00000004     Appl_Crypto.obj (.const)
                  000ac5dc    00000004     Appl_Tasks.obj (.const)
                  000ac5e0    00000004     Cdc_User.obj (.const)
                  000ac5e4    00000004     IpduM_ComCallout.obj (.const)
                  000ac5e8    00000004     IpduM_Lcfg.obj (.const)
                  000ac5ec    00000004     Sa_MtrPos.obj (.const)
                  000ac5f0    00000004     Sa_MtrVel.obj (.const)
                  000ac5f4    00000004     frxcp_par.obj (.const)
                  000ac5f8    00000003     Cdc_Application_Mandatory.obj (.const)
                  000ac5fb    00000001     --HOLE-- [fill = ffffffff]
                  000ac5fc    00000003     EPS_DiagSrvcs_ISO.obj (.const)
                  000ac5ff    00000001     --HOLE-- [fill = ffffffff]
                  000ac600    00000003     FrTrcv_30_Tja1080.obj (.const)
                  000ac603    00000001     --HOLE-- [fill = ffffffff]
                  000ac604    00000003     Swt_SWData.obj (.const)
                  000ac607    00000001     --HOLE-- [fill = ffffffff]
                  000ac608    00000003     XcpProf.obj (.const)
                  000ac60b    00000001     --HOLE-- [fill = ffffffff]
                  000ac60c    00000003     vstdlib.obj (.const)
                  000ac60f    00000001     --HOLE-- [fill = ffffffff]
                  000ac610    00000002     Fr_Lcfg.obj (.const)
                  000ac612    00000002     --HOLE-- [fill = ffffffff]
                  000ac614    00000002     PduR_Lcfg.obj (.const)
                  000ac616    00000002     --HOLE-- [fill = ffffffff]
                  000ac618    00000002     Vsm_Client.obj (.const)
                  000ac61a    00000002     --HOLE-- [fill = ffffffff]
                  000ac61c    00000001     Ap_ApXcp.obj (.const)
                  000ac61d    00000003     --HOLE-- [fill = ffffffff]
                  000ac620    00000001     FrSM_Lcfg.obj (.const)

$fill006   0    000ac621    00000003     
                  000ac621    00000003     --HOLE-- [fill = ffffffff]

.oscode    0    000ac624    00004844     
                  000ac624    00002560     osekasm.obj (.oscode)
                  000aeb84    000007e6     osektask.obj (.oscode)
                  000af36a    00000620     osekevnt.obj (.oscode)
                  000af98a    0000061e     osekalrm.obj (.oscode)
                  000affa8    000004ea     osekrsrc.obj (.oscode)
                  000b0492    0000039e     tcb.obj (.oscode)
                  000b0830    000002a4     osek.obj (.oscode)
                  000b0ad4    000000fa     atosappl.obj (.oscode)
                  000b0bce    000000cc     osekerr.obj (.oscode)
                  000b0c9a    00000002     --HOLE-- [fill = ffffffff]
                  000b0c9c    000000b8     intvect.obj (.oscode)
                  000b0d54    000000b6     osektime.obj (.oscode)
                  000b0e0a    00000014     AtosTime.obj (.oscode)
                  000b0e1e    00000002     --HOLE-- [fill = ffffffff]
                  000b0e20    0000000c     osekmpu.obj (.tramp.osInitTaskStacks.1)
                  000b0e2c    0000000c     osekmpu.obj (.tramp.osProtectionTrap.1)
                  000b0e38    0000000c     osekerr.obj (.tramp.osUnhandledException.1)
                  000b0e44    0000000c     osekmpu.obj (.tramp.osAsmAssertFailed.1)
                  000b0e50    0000000c     osekmpu.obj (.tramp.osSystemStackOverflow.1)
                  000b0e5c    0000000c     osekmpu.obj (.tramp.osIntNestingOverflow.1)

.FlashCal2Seg 
*          0    000b0e68    0000400a     
                  000b0e68    0000400a     CalConstants.obj (.FlashCal2Seg)

$fill007   0    000b4e72    00000002     
                  000b4e72    00000002     --HOLE-- [fill = ffffffff]

.osconst   0    000b4e74    0000206a     
                  000b4e74    00001f6c     tcb.obj (.osconst)
                  000b6de0    000000f0     trustfct.obj (.osconst)
                  000b6ed0    0000000e     osek.obj (.osconst)

$fill008   0    000b6ede    00000002     
                  000b6ede    00000002     --HOLE-- [fill = ffffffff]

.osvtable 
*          0    000b6ee0    00000184     
                  000b6ee0    00000184     intvect.obj (.osvtable)

$fill009   0    000b7064    00000004     
                  000b7064    00000004     --HOLE-- [fill = ffffffff]

.cinit     0    000b7068    0000064c     
                  000b7068    000005e0     (.cinit..data.load) [load image, compression = rle]
                  000b7648    00000052     (.cinit..bss.load) [load image, compression = rle]
                  000b769a    00000002     --HOLE-- [fill = ffffffff]
                  000b769c    00000008     (__TI_handler_table)
                  000b76a4    00000010     (__TI_cinit_table)

$fill010   0    000b76b4    00008510     
                  000b76b4    00008510     --HOLE-- [fill = ffffffff]

.osresetvect 
*          0    000bfbc4    00000004     
                  000bfbc4    00000004     intvect.obj (.osresetvect)

.osarmvect 
*          0    000bfbc8    0000001c     
                  000bfbc8    0000001c     intvect.obj (.osarmvect)

.fiqarmvect 
*          0    000bfbe4    00000004     
                  000bfbe4    00000004     fiqintvect.obj (.fiqarmvect)

$fill011   0    000bfbe8    000001a8     
                  000bfbe8    000001a8     --HOLE-- [fill = ffffffff]

.AppCvnDefTbl 
*          0    000bfd90    00000028     
                  000bfd90    00000028     Edch_Gen.obj (.AppCvnDefTbl)

.APPCHECKSUM 
*          0    000bfdb8    00000000     UNINITIALIZED

$fill012   0    000bfdb8    00000008     
                  000bfdb8    00000008     --HOLE-- [fill = ffffffff]

.AppCalVerVal 
*          0    000bfdc0    00000004     
                  000bfdc0    00000004     Ap_DfltConfigData.obj (.AppCalVerVal)

.SWE1DESC 
*          0    000bfdc4    0000020c     
                  000bfdc4    0000020c     DataLogistic.obj (.SWE1DESC)

.SWE1STAT 
*          0    000bffd0    00000030     
                  000bffd0    00000030     DataLogistic.obj (.SWE1STAT)

$fill013   0    000c0000    00140000     
                  000c0000    00140000     --HOLE-- [fill = ffffffff]

.stack     0    08000000    00000000     UNINITIALIZED

.CryNoInitRng 
*          0    08001800    00000010     UNINITIALIZED
                  08001800    00000010     Appl_Crypto.obj (.CryNoInitRng)

.CryNoInitAsym 
*          0    08001810    00000464     UNINITIALIZED
                  08001810    00000464     Appl_Crypto.obj (.CryNoInitAsym)

.CryNoInitCanc 
*          0    08001ff0    00000001     UNINITIALIZED
                  08001ff0    00000001     Appl_Crypto.obj (.CryNoInitCanc)

.BOOTSTATUS 
*          0    08003400    00000008     UNINITIALIZED
                  08003400    00000008     sc_target.obj (.BOOTSTATUS)

.ISRDISPATCHFLG 
*          0    08003410    00000002     UNINITIALIZED
                  08003410    00000002     sc_target.obj (.ISRDISPATCHFLG)

.resetcause 
*          0    080038c4    00000004     UNINITIALIZED
                  080038c4    00000004     ResetCause.obj (.resetcause)

.bss       0    08004000    0001401e     
                  08004000    00000004     Ap_SrlComInput.obj (.ossDataAp_9:noinit:typeH:SrlComInput) [fill = 0]
                  08004004    00000ad1     Dem_Depend_Specific.obj (.ossDataAp_9:noinit) [fill = 0]
                  08004ad5    000009dc     FrTp_Init.obj (.ossDataAp_9:noinit:uninit) [fill = 0]
                  080054b1    00000001     Fr.obj (.ossDataAp_9:noinit) [fill = 0]
                  080054b2    00000314     Com_Lcfg.obj (.ossDataAp_9:noinit) [fill = 0]
                  080057c6    00000002     EcuStartup.obj (.ossDataAp_9:noinit) [fill = 0]
                  080057c8    000002f7     NvM_Cfg.obj (.ossDataAp_9:noinit) [fill = 0]
                  08005abf    00000001     Sa_CDDInterface9.obj (.ossDataAp_9:noinit) [fill = 0]
                  08005ac0    0000024d     XcpProf.obj (.ossDataAp_9:noinit) [fill = 0]
                  08005d0d    00000003     Dem_Static.obj (.ossDataAp_9:noinit) [fill = 0]
                  08005d10    00000248     Rte.obj (.ossDataAp_9:noinit) [fill = 0]
[...]
08019e91   NxtrPatch_SysTimeClientIndicationFlag
08019e94   SystemState9_Cnt_M_enum
08019e98   com_LMgt_Status
08019e9d   _ossAppliDataEndAp_9
0801a000   Rte_BatteryVoltage_SysC_Vecu_Volt_f32
0801a000   _ossAppliDataStartAp_7
0801a004   Rte_BatteryVoltage_Vecu_Volt_f32
0801a008   Rte_BatteryVoltage_VswitchClosed_Cnt_lgc
0801a00c   Rte_CtrlTemp_FiltMeasTemp_DegC_f32
0801a010   Rte_CustPL_CCLMSAActive_Cnt_lgc
0801a014   Rte_CustPL_CCLTrqRamp_Uls_f32
0801a018   Rte_CustPL_CustCurrLmt_Amp_f32
0801a01c   Rte_DrvDynCtrl_AssistDDFactor_Uls_f32
0801a020   Rte_DrvDynCtrl_DampingDDFactor_Uls_f32
0801a024   Rte_DrvDynCtrl_ReturnDDFactor_Uls_f32
0801a028   Rte_DrvDynamicsEnable_DrvDynActive_Cnt_lgc
0801a029   Rte_DrvDynamicsEnable_DrvDynInterfaceState_Cnt_u08
0801a02a   Rte_DrvDynamicsEnable_OpTrqOvRmpInEnable_Cnt_lgc
0801a02c   Rte_GenPosTraj_PosTrajHwAngle_HwDeg_f32
0801a030   Rte_HwTrq_AnaDiffHwTrq_Volt_f32
0801a034   Rte_HwTrq_AnaHwTorque_HwNm_f32
0801a038   Rte_HwTrq_HwTrqScaleVal_VoltsPerDeg_f32
0801a03c   Rte_HwTrq_SrlComHwTrqValid_Cnt_lgc
0801a040   Rte_HwTrq_SysCAnaHwTorque_HwNm_f32
0801a044   Rte_HwTrq_T1TrimVal_Volt_f32
0801a048   Rte_HwTrq_T2TrimVal_Volt_f32
0801a04c   Rte_IoHwAb7_ADCMtrCurr1_Volt_f32
0801a050   Rte_IoHwAb7_Batt_Volt_f32
0801a054   Rte_IoHwAb7_BattSwitched_Volt_f32
0801a058   Rte_IoHwAb7_InvCos2Scaled_Volt_f32
0801a05c   Rte_IoHwAb7_InvSin2Scaled_Volt_f32
0801a060   Rte_IoHwAb7_PDChrgPmpFdbkADC_Volt_f32
0801a064   Rte_IoHwAb7_PDSuplFdbkADC_Volt_f32
0801a068   Rte_IoHwAb7_SysCT1ADC_Volt_f32
0801a06c   Rte_IoHwAb7_SysCT2ADC_Volt_f32
0801a070   Rte_IoHwAb7_SysCVSwitch_Volt_f32
0801a074   Rte_IoHwAb7_T1ADC_Volt_f32
0801a078   Rte_IoHwAb7_T2ADC_Volt_f32
0801a07c   Rte_IoHwAb7_TemperatureADC_Volt_f32
0801a080   Rte_LktoLkStr_LrnPnCntrCmd_MtrNm_f32
0801a084   Rte_LktoLkStr_LrnPnCntrHwCenter_HwDeg_f32
0801a088   Rte_LktoLkStr_LrnPnCntrHwTravel_HwDeg_f32
0801a08c   Rte_LktoLkStr_LrnPnCntrState_Cnt_enum
0801a090   Rte_MtrCurr_MtrCurrDax_Amp_f32
0801a094   Rte_MtrCurr_MtrCurrQax_Amp_f32
0801a098   Rte_MtrCurr_RawCurrFiltered_Amp_f32
0801a09c   Rte_MtrCurr_ValidSampleFlag_Cnt_lgc
0801a0a0   Rte_MtrPos2_CorrectedMtrPos_Rev_f32
0801a0a4   Rte_MtrPos2_CosTheta1_Volt_f32
0801a0a8   Rte_MtrPos2_MechMtrPos_Rev_f32
0801a0ac   Rte_MtrPos2_SinTheta1_Volt_f32
0801a0b0   Rte_MtrPos2_SysCCorrectedMtrPos_Rev_f32
0801a0b4   Rte_MtrPos2_SysCMechMtrPos_Rev_f32
0801a0b8   Rte_MtrTempEst_AssistMechTempEst_DegC_f32
0801a0bc   Rte_MtrTempEst_CuTempEst_DegC_f32
0801a0c0   Rte_MtrTempEst_MagTempEst_DegC_f32
0801a0c4   Rte_MtrTempEst_SiTempEst_DegC_f32
0801a0c8   Rte_OscTraj_OscTrajState_Cnt_enum
0801a0cc   Rte_OscTraj_OscillateHwAngle_HwDeg_f32
0801a0d0   Rte_ParkAssistEnable_PosServEnable_Cnt_lgc
0801a0d4   Rte_ParkAssistEnable_PosServoHwAngle_HwDeg_f32
0801a0d8   Rte_ParkAssistEnable_PrkAssistState_Cnt_u08
0801a0dc   Rte_PosServo_PosSrvoCmd_MtrNm_f32
0801a0e0   Rte_PosServo_PosSrvoReturnSclFct_Uls_f32
0801a0e4   Rte_PosServo_PosSrvoSmoothEnable_Uls_f32
0801a0e8   Rte_PwrLmtFunc_AssistPowerLimit_MtrNm_f32
0801a0ec   Rte_PwrLmtFunc_MtrEnvSpd_MtrRadpS_f32
0801a0f0   Rte_PwrLmtFunc_PowerLimitPerc_Uls_f32
0801a0f4   Rte_Sa_BkCpPc_PwrDiscATestComplete_Cnt_lgc
0801a0f5   Rte_Sa_BkCpPc_PwrDiscBTestComplete_Cnt_lgc
0801a0f6   Rte_Sa_BkCpPc_PwrDiscClosed_Cnt_lgc
0801a0f8   Rte_SignlCondn_EstimdLatAcce_MpSecSq_f32
0801a0fc   Rte_SignlCondn_EstimdLatAcceValid_Cnt_lgc
0801a0fd   Rte_SignlCondn_VehicleLatAcceValid_Cnt_lgc
0801a100   Rte_SignlCondn_VehicleLatAccel_MpSecSq_f32
0801a104   Rte_SignlCondn_VehicleLonAccel_KphpS_f32
0801a108   Rte_SignlCondn_VehicleLonAccelValid_Cnt_lgc
0801a10c   Rte_SignlCondn_VehicleSpeed_Kph_f32
0801a110   Rte_SignlCondn_VehicleSpeedValid_Cnt_lgc
0801a114   Rte_SignlCondn_VehicleYawRate_DegpS_f32
0801a118   Rte_SignlCondn_VehicleYawRateValid_Cnt_lgc
0801a11c   Rte_Sweep_OutputHwTrq_HwNm_f32
0801a120   Rte_TmprlMon_TMFTestComplete_Cnt_lgc
0801a122   Rte_TuningSelAuth_ActiveTunPers_Cnt_u16
0801a124   Rte_TuningSelAuth_ActiveTunSet_Cnt_u16
0801a128   Rte_TurnsCounter_TCMtrPosOffsMRF_Deg_f32
0801a12c   Rte_TurnsCounter_TcActivePN_Cnt_u32
0801a130   Rte_TurnsCounter_TcActivePNVldCnt_Cnt_u32
0801a134   Rte_TurnsCounter_TurnsCntrValidity_Cnt_enum
0801a138   Rte_CtrlTemp_AmbTemp_DegC_f32
0801a13c   Rte_HwTrq_AbsPosStepSignal_Cnt_u08
0801a13e   Rte_MtrCurr_PADelta1_Cnt_u16
0801a140   Rte_MtrTempEst_AmbTemp_DegC_f32
0801a144   Rte_MtrTempEst_EngTemp_DegC_f32
0801a148   Rte_MtrTempEst_ScomAMDefeat_Cnt_lgc
0801a149   Rte_MtrTempEst_ScomTempDataRcvd_Cnt_lgc
0801a14a   Rte_ParkAssistEnable_PAEnableRqst_Cnt_lgc
0801a14b   Rte_ParkAssistEnable_PAErrInterfaceActive_Cnt_lgc
0801a14c   Rte_ParkAssistEnable_PAHWAngleRqst_HwDeg_f32
0801a150   Rte_Sa_BkCpPc_OVERRIDESIGDIAGADC_Volt_f32
0801a154   Rte_Sa_BkCpPc_PMOSDIAGADC_Volt_f32
0801a158   Rte_SignlCondn_SrlComVehLatAccel_MpSecSq_f32
0801a15c   Rte_SignlCondn_SrlComVehLonAccel_MpSecSq_f32
0801a160   Rte_SignlCondn_SrlComVehLonAccelValid_Cnt_lgc
0801a164   Rte_SignlCondn_SrlComVehYawRate_DegpS_f32
0801a16a   Rte_ModeMachine_StaMd7_SystemState7_Mode
0801a170   SystemState7_Cnt_M_enum
0801a171   _ossAppliDataEndAp_7
0801a800   Rte_HwTrq2_SysCHwTorqueSqd_HwNmSq_f32
0801a800   _ossAppliDataStartAp_8
0801a804   Rte_MtrVel2_SysCDiagHandWheelVel_HwRadpS_f32
0801a808   Rte_MtrVel2_SysCDiagMtrVelMRF_MtrRadpS_f32
0801a80c   Rte_PrkAstMfgServCh2_SysCLnPnCtrCCDisable_Cnt_lgc
0801a80d   Rte_PrkAstMfgServCh2_SysCPosServCCDisable_Cnt_lgc
0801a810   Rte_ModeMachine_StaMd8_SystemState8_Mode
0801a818   SystemState8_Cnt_M_enum
0801a819   SysCSystemState_Cnt_M_enum
0801a81a   _ossAppliDataEndAp_8
0801aa00   _ossAppliDataStartAp_4
0801aa14   g_wdgm_cfg_ptr
0801aa1c   _ossAppliDataEndAp_4
0801ac00   Rte_MtrDrvDiag_FETFaultPhase_Cnt_enum
0801ac00   _ossAppliDataStartAp_11
0801ac01   Rte_MtrDrvDiag_FETFaultType_Cnt_enum
0801ac02   Rte_MtrDrvDiag_MtrDrvrInitComplete_Cnt_lgc
0801ac05   Rte_ModeMachine_StaMd11_SystemState11_Mode
0801ac0c   SystemState11_Cnt_M_enum
0801ac0d   _ossAppliDataEndAp_11
0801ad00   TI_Fee_GlobalVariables
0801ad00   _ossAppliDataStartAp_10
0801b1a8   TI_Fee_u8DataSets
0801b1ac   TI_Fee_u32BlockEraseCount
0801b1b0   TI_Fee_u8DeviceIndex
0801b1b4   TI_Fee_u32ActCpyVS
0801b1b8   TI_Fee_u8ErrEraseVS
0801b1b9   TI_Fee_bEraseSuspended
0801b1ba   TI_Fee_oStatusWord
0801b1c0   TI_FlashStatusWord
0801b1d0   TI_Fee_u16NumberOfUnconfiguredBlocks
0801b1d4   TI_Fee_oStatusWord_Global
0801b1d6   TI_Fee_FapiInitCalled
0801b1d8   Rte_AbsHwPos_AlignedHwPos_HwDeg_f32
0801b1dc   Rte_AbsHwPos_HandwheelAuthority_Uls_f32
0801b1e0   Rte_AbsHwPos_HandwheelPosition_HwDeg_f32
0801b1e4   Rte_AbsHwPos_HwTargetAuthority_Uls_f32
0801b1e8   Rte_AbsHwPos_ICMMtrPosMRF_Deg_f32
0801b1ec   Rte_AbsHwPos_LTVehCenterComplete_Cnt_lgc
0801b1ee   Rte_AbsHwPos_RacktoVehCntrOffset_Cnt_u16
0801b1f0   Rte_AbsHwPos_RevOffsetState_Cnt_u08
0801b1f4   Rte_AbsHwPos_SrlComHwPos_HwDeg_f32
0801b1f8   Rte_AssistFirewall_AsstFirewallActive_Uls_f32
0801b1fc   Rte_AssistFirewall_CombinedAssist_MtrNm_f32
0801b200   Rte_AssistSumnLmt_LimitPercentFiltered_Uls_f32
0801b204   Rte_AssistSumnLmt_PostLimitTorque_MtrNm_f32
0801b208   Rte_AssistSumnLmt_PreLimitForPower_MtrNm_f32
0801b20c   Rte_AssistSumnLmt_PreLimitForStall_MtrNm_f32
0801b210   Rte_AssistSumnLmt_PreLimitTorque_MtrNm_f32
0801b214   Rte_CDDInterface10_DutyCycleSmall_Cnt_u16
0801b218   Rte_CDDInterface10_ExpectedOnTimeA_Cnt_u32
0801b21c   Rte_CDDInterface10_ExpectedOnTimeB_Cnt_u32
0801b220   Rte_CDDInterface10_ExpectedOnTimeC_Cnt_u32
0801b224   Rte_CDDInterface10_MeasuredOnTimeA_Cnt_u32
0801b228   Rte_CDDInterface10_MeasuredOnTimeB_Cnt_u32
0801b22c   Rte_CDDInterface10_MeasuredOnTimeC_Cnt_u32
0801b230   Rte_CtrldDisShtdn_CntDisMtrTrqCmdCRF_MtrNm_f32
0801b234   Rte_CtrldDisShtdn_CntDisMtrTrqCmdMRF_MtrNm_f32
0801b238   Rte_CtrldDisShtdn_CtrldDmpStsCmp_Cnt_lgc
0801b23c   Rte_CtrldDisShtdn_SysC_CRFMtrTrqCmd_MtrNm_f32
0801b240   Rte_CtrldDisShtdn_SysC_MRFMtrTrqCmd_MtrNm_f32
0801b244   Rte_CurrentEst_EstPkCurr_AmpSq_f32
0801b248   Rte_CurrentEst_FiltEstPkCurr_AmpSq_f32
0801b24c   Rte_CurrentEst_IdEst_Amp_f32
0801b250   Rte_DampingFirewall_CombinedDamping_MtrNm_f32
0801b254   Rte_DiagMgr10_DiagRampRate_XpmS_f32
0801b258   Rte_DiagMgr10_DiagRampValue_Uls_f32
0801b25c   Rte_DiagMgr10_DiagRmpToZeroActive_Cnt_lgc
0801b25d   Rte_DiagMgr10_DiagStsCtrldDisRmpPres_Cnt_lgc
0801b25e   Rte_DiagMgr10_DiagStsDefTemp_Cnt_lgc
0801b25f   Rte_DiagMgr10_DiagStsDefVehSpd_Cnt_lgc
0801b260   Rte_DiagMgr10_DiagStsHWASbSystmFltPres_Cnt_lgc
0801b261   Rte_DiagMgr10_DiagStsNonRecRmpToZeroFltPres_Cnt_lgc
0801b262   Rte_DiagMgr10_DiagStsRecRmpToZeroFltPres_Cnt_lgc
0801b263   Rte_DiagMgr10_DiagStsScomHWANotValid_Cnt_lgc
0801b264   Rte_DiagMgr10_DiagStsWIRDisable_Cnt_lgc
0801b268   Rte_EOTActuatorMng_AssistEOTDamping_MtrNm_f32
0801b26c   Rte_EOTActuatorMng_AssistEOTGain_Uls_f32
0801b270   Rte_EOTActuatorMng_AssistEOTLimit_MtrNm_f32
0801b274   Rte_EtDmpFw_EOTDampingLtd_MtrNm_f32
0801b278   Rte_LmtCod_EOTGainLtd_Uls_f32
0801b27c   Rte_LmtCod_EOTLimitLtd_MtrNm_f32
0801b280   Rte_LmtCod_OutputRampMultLtd_Uls_f32
0801b284   Rte_LmtCod_StallLimitLtd_MtrNm_f32
0801b288   Rte_LmtCod_ThermalLimitLtd_MtrNm_f32
0801b28c   Rte_LmtCod_VehSpdLimitLtd_MtrNm_f32
0801b290   Rte_LrnEOT_CCWFound_Cnt_lgc
0801b294   Rte_LrnEOT_CCWPosition_HwDeg_f32
0801b298   Rte_LrnEOT_CWFound_Cnt_lgc
0801b29c   Rte_LrnEOT_CWPosition_HwDeg_f32
0801b2a0   Rte_MtrCtrlOpConv_CommutationOffset_Cnt_u16
0801b2a4   Rte_MtrCtrlOpConv_DeadTimeComp_Uls_f32
0801b2a8   Rte_MtrCtrlOpConv_ModulationIndexFinal_Uls_f32
0801b2ac   Rte_MtrCtrlOpConv_MtrTrqCmdSign_Cnt_s16
0801b2ae   Rte_MtrCtrlOpConv_PhaseAdvanceFinal_Cnt_u16
0801b2b0   Rte_MtrPos_AlignedCumMtrPosMRF_Deg_f32
0801b2b4   Rte_MtrPos_CumMtrPosCRF_Deg_f32
0801b2b8   Rte_MtrPos_CumMtrPosMRF_Deg_f32
0801b2bc   Rte_MtrPos_SysCCumMtrPosCRF_Deg_f32
0801b2c0   Rte_MtrPos_SysCCumMtrPosMRF_Deg_f32
0801b2c4   Rte_MtrVel_CRFMotorVel_MtrRadpS_f32
0801b2c8   Rte_MtrVel_HandwheelVel_HwRadpS_f32
0801b2cc   Rte_MtrVel_HwVelValid_Cnt_lgc
0801b2d0   Rte_MtrVel_MRFMotorVel_MtrRadpS_f32
0801b2d4   Rte_MtrVel_MRFMotorVelUnfiltered_MtrRadpS_f32
0801b2d8   Rte_MtrVel_SysCHandwheelVel_HwRadpS_f32
0801b2dc   Rte_MtrVel_SysCMotorVelMRF_MtrRadpS_f32
0801b2e0   Rte_ParamComp_EstKe_VpRadpS_f32
0801b2e4   Rte_ParamComp_EstLd_Henry_f32
0801b2e8   Rte_ParamComp_EstLq_Henry_f32
0801b2ec   Rte_ParamComp_EstR_Ohm_f32
0801b2f0   Rte_ParamComp_ExpIq_Amp_f32
0801b2f4   Rte_PhaseDscnt_PDActivateTest_Cnt_lgc
0801b2f6   Rte_PhaseDscnt_PDPhaseAdvSelect_Cnt_s16
0801b2f8   Rte_PhaseDscnt_PDTestModIndex_Uls_f32
0801b2fc   Rte_PhaseDscnt_PhsDiscTestComplete_Cnt_lgc
0801b2fd   Rte_Polarity_AssistAssyPolarity_Cnt_s08
0801b2fe   Rte_Polarity_HwPosPolarity_Cnt_s08
0801b2ff   Rte_Polarity_HwTrqPolarity_Cnt_s08
0801b300   Rte_Polarity_MtrElecMechPolarity_Cnt_s08
0801b301   Rte_Polarity_MtrPosPolarity_Cnt_s08
0801b302   Rte_Polarity_MtrVelPolarity_Cnt_s08
0801b304   Rte_Polarity_SysC_MtrElecMechPolarity_Cnt_s32
0801b308   Rte_QuadDet_InstMtrDir_Cnt_s08
0801b309   Rte_QuadDet_MtrQuad_Cnt_u08
0801b30c   Rte_ReturnFirewall_LimitedReturn_MtrNm_f32
0801b310   Rte_SrlComInput2_FRVldVehSpd_Kph_f32
0801b314   Rte_SrlComInput2_SrlComAssistScaleFactor_Uls_f32
0801b318   Rte_SrlComInput2_SrlComCRFRevOffset_Rev_s16
0801b31c   Rte_SrlComInput2_SrlComDampingScaleFactor_Uls_f32
0801b320   Rte_SrlComInput2_SrlComDrvDynEnable_Cnt_lgc
0801b321   Rte_SrlComInput2_SrlComDrvDynInvalid_Cnt_lgc
0801b322   Rte_SrlComInput2_SrlComEngCrank_Cnt_lgc
0801b324   Rte_SrlComInput2_SrlComEngDrvStatus_ST_CENG
0801b334   Rte_SrlComInput2_SrlComInputTorqueOverlay_HwNm_f32
0801b338   Rte_SrlComInput2_SrlComOutputTorqueOverlay_MtrNm_f32
0801b33c   Rte_SrlComInput2_SrlComPrkAstHwAngle_HwDeg_f32
0801b340   Rte_SrlComInput2_SrlComPrkAstInvalid_Cnt_lgc
0801b344   Rte_SrlComInput2_SrlComReturnScaleFactor_Uls_f32
0801b348   Rte_SrlComInput2_SrlComRevOffsetSts_Cnt_u08
0801b349   Rte_SrlComInput2_SrlComVehCdnStatus_VehCdnStatus
0801b34a   Rte_SrlComInput2_SrlComVehDrvCondition_Cnt_u08
0801b34c   Rte_SrlComInput2_SrlComVehLatAccel_MpSecSq_f32
0801b350   Rte_SrlComInput2_SrlComVehLatAccelValid_Cnt_lgc
0801b351   Rte_SrlComInput2_SrlComVehNearStandstill_Cnt_u08
0801b354   Rte_SrlComInput2_SrlComVehSpd_Kph_f32
0801b358   Rte_SrlComInput2_SrlComVehYawRate_DegpS_f32
0801b35c   Rte_SrlComInput2_SrlComVehYawRateValid_Cnt_lgc
0801b35d   Rte_SrlComInput2_SrlCom_QU_V_VEH_COG_Cnt_u08
0801b360   Rte_SrlComInput2_TJADampSclRqst_Uls_f32
0801b364   Rte_SrlComInput2_TJAStateRqst_Cnt_enum
0801b365   Rte_SrlComInput2_VehSpdValid_Cnt_lgc
0801b366   Rte_SrlComOutput2_SrlComAVLPOEPS_AVL_PO_EPS
0801b372   Rte_SrlComOutput2_SrlComAVLPOEPS_TRGG_ENGTORQ_EPS
0801b374   Rte_SrlComOutput2_SrlComAVLSTMOM_AVL_FORC_GRD
0801b37c   Rte_SrlComOutput2_SrlComAVLSTMOM_AVL_STMOM_DV_ACT
0801b384   Rte_SrlComOutput2_SrlComDISPCCEPS_DISP_CC_EPS
0801b390   Rte_SrlComOutput2_SrlComDTEST_DT_EST
0801b3a4   Rte_SrlComOutput2_SrlComSTEST_ST_EST
0801b3ac   Rte_SrlComOutput2_SrlComSUEPS_SU_EPS
0801b3bc   Rte_StOpCtrl_OutputRampMult_Uls_f32
0801b3c0   Rte_StOpCtrl_RampDwnStatusComplete_Cnt_lgc
0801b3c1   Rte_StaMd_InitiatePwrDnFastWrite_Cnt_lgc
0801b3c2   Rte_StaMd_InitiatePwrDnNormalWrite_Cnt_lgc
0801b3c3   Rte_StaMd_PwrDnFastWriteComplete_Cnt_lgc
0801b3c4   Rte_StabilityComp_AssistCmd_MtrNm_f32
0801b3c8   Rte_Sweep2_OutputMtrTrq_MtrNm_f32
0801b3cc   Rte_TrqCmdScl_MRFMtrTrqCmdScl_MtrNm_f32
0801b3d0   Rte_TrqOsc_TrqOscActv_Cnt_lgc
0801b3d4   Rte_TrqOsc_TrqOscCmd_MtrNm_f32
0801b3d8   Rte_TrqOsc_TrqOscDCExceeded_Cnt_lgc
0801b3dc   Rte_VltgCtrl_ModIdx_Uls_f32
0801b3e0   Rte_VltgCtrl_PhsAdv_Cnt_s16
0801b3e4   Rte_VltgCtrl_TermA_Volt_f32
0801b3e8   Rte_VltgCtrl_TermBSS_Volt_f32
0801b3ec   Rte_VltgCtrl_TermBTOT_Volt_f32
0801b3f0   Rte_VltgCtrl_TermXd_Uls_f32
0801b3f4   Rte_VltgCtrl_TermXq_Uls_f32
0801b3f8   Rte_VltgCtrl_TermY_Uls_f32
0801b3fc   Rte_VltgCtrl_TermZ_Uls_f32
0801b400   Rte_VltgCtrl_UnCorrPhsAdv_Cnt_s16
0801b404   Rte_VltgCtrl_VdTerm_Volt_f32
0801b408   Rte_VltgCtrl_VqTerm_Volt_f32
0801b40c   Rte_AssistSumnLmt_WhlImbRejCmd_MtrNm_f32
0801b410   Rte_DampingFirewall_VehicleLonAccel_KphpS_f32
0801b414   Rte_DampingFirewall_WIRCmdAmpBlnd_MtrNm_f32
0801b418   Rte_LrnEOT_DiagStsHwPosDis_Cnt_lgc
0801b41c   Rte_Ap_10_RxUpdateFlags
0801b420   Rte_Irv_CurrentEst_EstPkCurr_AmpSq_f32_Task_100ms_10
0801b424   Rte_Irv_CurrentEst_EstPkCurr_AmpSq_f32_Task_2ms_10
0801b428   Rte_Irv_CurrentEst_EstPkCurr_AmpSq_f32
0801b42c   Rte_Irv_NexteerLibs_Time_mS_u32
0801b432   Rte_ModeMachine_StaMd_SystemState_Mode
0801b490   octants
0801b69c   SystemState_Cnt_M_enum
0801b6ad   _ossAppliDataEndAp_10
0801b6ae   _ossTaskiDataEndSchM_Task_ASIL_D
0801b6ae   _ossTaskiDataStartSchM_Task_ASIL_D
0801b6af   _ossTaskiDataEndTask_InitA_9
0801b6af   _ossTaskiDataStartTask_InitA_9
0801b6b0   _ossTaskiDataEndTask_InitA_7
0801b6b0   _ossTaskiDataStartTask_InitA_7
0801b6b1   _ossTaskiDataEndTask_InitA_10
0801b6b1   _ossTaskiDataStartTask_InitA_10
0801b6b2   _ossTaskiDataEndTask_InitB_7
0801b6b2   _ossTaskiDataStartTask_InitB_7
0801b6b3   _ossTaskiDataEndTask_Init_8
0801b6b3   _ossTaskiDataStartTask_Init_8
0801b6b4   _ossTaskiDataEndTask_Init_11
0801b6b4   _ossTaskiDataStartTask_Init_11
0801b6b5   _ossTaskiDataEndTask_InitB_10
0801b6b5   _ossTaskiDataStartTask_InitB_10
0801b6b6   _ossTaskiDataEndTask_InitB_9
0801b6b6   _ossTaskiDataStartTask_InitB_9
0801b6b7   _ossTaskiDataEndTask_1ms_10
0801b6b7   _ossTaskiDataStartTask_1ms_10
0801b6b8   _ossTaskiDataEndTask_1ms_9
0801b6b8   _ossTaskiDataStartTask_1ms_9
0801b6b9   _ossTaskiDataEndTask_2ms_7
0801b6b9   _ossTaskiDataStartTask_2ms_7
0801b6ba   _ossTaskiDataEndTask_2msA_9
0801b6ba   _ossTaskiDataStartTask_2msA_9
0801b6bb   _ossTaskiDataEndTask_2ms_10
0801b6bb   _ossTaskiDataStartTask_2ms_10
0801b6bc   _ossTaskiDataEndTask_2ms_11
0801b6bc   _ossTaskiDataStartTask_2ms_11
0801b6bd   _ossTaskiDataEndTask_2ms_8
0801b6bd   _ossTaskiDataStartTask_2ms_8
0801b6be   _ossTaskiDataEndTask_2msB_9
0801b6be   _ossTaskiDataStartTask_2msB_9
0801b6bf   _ossTaskiDataEndSchM_Task
0801b6bf   _ossTaskiDataStartSchM_Task
0801b6c0   _ossTaskiDataEndTask_4ms_7
0801b6c0   _ossTaskiDataStartTask_4ms_7
0801b6c1   _ossTaskiDataEndTask_4ms_9
0801b6c1   _ossTaskiDataStartTask_4ms_9
0801b6c2   _ossTaskiDataEndTask_4ms_8
0801b6c2   _ossTaskiDataStartTask_4ms_8
0801b6c3   _ossTaskiDataEndTask_4ms_10
0801b6c3   _ossTaskiDataStartTask_4ms_10
0801b6c4   _ossTaskiDataEndTask_Trgd_10
0801b6c4   _ossTaskiDataStartTask_Trgd_10
0801b6c5   _ossTaskiDataEndTask_5ms_9
0801b6c5   _ossTaskiDataStartTask_5ms_9
0801b6c6   _ossTaskiDataEndTask_10msA_9
0801b6c6   _ossTaskiDataStartTask_10msA_9
0801b6c7   _ossTaskiDataEndTask_10msA_10
0801b6c7   _ossTaskiDataStartTask_10msA_10
0801b6c8   _ossTaskiDataEndTask_10ms_7
0801b6c8   _ossTaskiDataStartTask_10ms_7
0801b6c9   _ossTaskiDataEndTask_10msB_9
0801b6c9   _ossTaskiDataStartTask_10msB_9
0801b6ca   _ossTaskiDataEndTask_10msB_10
0801b6ca   _ossTaskiDataStartTask_10msB_10
0801b6cb   _ossTaskiDataEndTask_100ms_7
0801b6cb   _ossTaskiDataStartTask_100ms_7
0801b6cc   _ossTaskiDataEndTask_100ms_8
0801b6cc   _ossTaskiDataStartTask_100ms_8
0801b6cd   _ossTaskiDataEndTask_100ms_9
0801b6cd   _ossTaskiDataStartTask_100ms_9
0801b6ce   _ossTaskiDataEndTask_100ms_10
0801b6ce   _ossTaskiDataStartTask_100ms_10
0801b6cf   _ossTaskiDataEndTask_100ms_11
0801b6cf   _ossTaskiDataStartTask_100ms_11
0801b6d0   _ossTaskiDataEndTask_TrnsB_9
0801b6d0   _ossTaskiDataStartTask_TrnsB_9
0801b6d1   _ossTaskiDataEndTask_Trns_9
0801b6d1   _ossTaskiDataStartTask_Trns_9
0801b6d2   _ossTaskiDataEndTask_Trns_10
0801b6d2   _ossTaskiDataStartTask_Trns_10
0801b6d3   _ossTaskiDataEndTask_Trns_11
0801b6d3   _ossTaskiDataStartTask_Trns_11
0801b6d4   _ossTaskiDataEndTask_Trns_7
0801b6d4   _ossTaskiDataStartTask_Trns_7
0801b6d5   _ossTaskiDataEndTask_Trns_8
0801b6d5   _ossTaskiDataStartTask_Trns_8
0801b6d6   _ossTaskiDataEndTask_Init_SchM9
0801b6d6   _ossTaskiDataStartTask_Init_SchM9
0801b6d7   _ossTaskiDataEndSchM_100ms_Task10
0801b6d7   _ossTaskiDataStartSchM_100ms_Task10
0801b6d8   _ossTaskiDataEndSchM_Task2
0801b6d8   _ossTaskiDataStartSchM_Task2
0801b6d9   _ossTaskiDataEndTask_BkgndA_9
0801b6d9   _ossTaskiDataStartTask_BkgndA_9
0801b6da   _ossTaskiDataEndTask_BkgndB_9
0801b6da   _ossTaskiDataStartTask_BkgndB_9
0801b6db   _ossISRiDataEndIsr_MtrCtrl
0801b6db   _ossISRiDataStartIsr_MtrCtrl
0801b6dc   _ossISRiDataEndIsr_ESMH
0801b6dc   _ossISRiDataStartIsr_ESMH
0801b6dd   _ossISRiDataEndFr_IrqTimer0
0801b6dd   _ossISRiDataStartFr_IrqTimer0
0801b6de   _ossISRiDataEndFr_IrqLine0
0801b6de   _ossISRiDataStartFr_IrqLine0
0801b6df   _ossISRiDataEndSpi_IrqUnit0TxRx
0801b6df   _ossISRiDataStartSpi_IrqUnit0TxRx
0801b6e0   _ossISRiDataEndSpi_IrqUnit0TxRxERR
0801b6e0   _ossISRiDataStartSpi_IrqUnit0TxRxERR
0801b6e1   _ossISRiDataEndSpiNxt_IrqUnit2TxRx
0801b6e1   _ossISRiDataStartSpiNxt_IrqUnit2TxRx
0801b6e2   _ossISRiDataEndSpiNxt_IrqUnit2TxRxERR
0801b6e2   _ossISRiDataStartSpiNxt_IrqUnit2TxRxERR
0801b6e3   _ossISRiDataEndGpt_IsrInt0
0801b6e3   _ossISRiDataStartGpt_IsrInt0
0801b6e4   _ossISRiDataEndIsr_ESML
0801b6e4   _ossISRiDataStartIsr_ESML
0801b6e5   _ossISRiDataEndFlsTst_CrcIrq
0801b6e5   _ossISRiDataStartFlsTst_CrcIrq
0801b6e8   osSupervisorStack
0801b8e4   osIrqStack
0801c000   NTCStrgArray_Cnt_str
0801c000   _osGlobalSharedStartGlobalShared
0801c03c   NTCBlackBoxData_Cnt_str
0801c0fc   DEMEventActive_Cnt_M_lgc
0801c1ec   CloseCheck_Cnt_u32
0801c1f0   TypeHData_Cnt_u08
0801c2b4   MtrVel_SnapShotSet_Cnt_G_u08
0801c368   _FDenorm
0801c378   _FEps
0801c388   _FInf
0801c398   _FNan
0801c3a8   _FSnan
0801c3b8   _FRteps
0801c3c8   _FXbig
0801c3cc   _FZero
0801c3d0   _lock
0801c3d4   _unlock
0801c3d8   _Fenv
0801c3dc   _Tls_setup__Fenv
0801c3e0   _Errno
0801c3e4   _osGlobalSharedEndGlobalShared
0801c7d4   XcpCalStr
ff440000   e_HETPROGRAM1_UN
ff460000   e_HETPROGRAM0_UN
ffffffff   __binit__
ffffffff   __c_args__
ffffffff   binit
UNDEFED    SHT$$INIT_ARRAY$$Base
UNDEFED    SHT$$INIT_ARRAY$$Limit

[4853 symbols]
